[2026-07-13T17:01:44.053-0400] {local_task_job_runner.py:123} INFO - ::group::Pre task execution logs
[2026-07-13T17:01:44.060-0400] {taskinstance.py:2613} INFO - Dependencies all met for dep_context=non-requeueable deps ti=<TaskInstance: retail_data_pipeline.generate_sales_data manual__2026-07-13T21:01:41.954183+00:00 [queued]>
[2026-07-13T17:01:44.063-0400] {taskinstance.py:2613} INFO - Dependencies all met for dep_context=requeueable deps ti=<TaskInstance: retail_data_pipeline.generate_sales_data manual__2026-07-13T21:01:41.954183+00:00 [queued]>
[2026-07-13T17:01:44.063-0400] {taskinstance.py:2866} INFO - Starting attempt 1 of 1
[2026-07-13T17:01:44.069-0400] {taskinstance.py:2889} INFO - Executing <Task(BashOperator): generate_sales_data> on 2026-07-13 21:01:41.954183+00:00
[2026-07-13T17:01:44.072-0400] {standard_task_runner.py:72} INFO - Started process 83364 to run task
[2026-07-13T17:01:44.076-0400] {standard_task_runner.py:104} INFO - Running: ['airflow', 'tasks', 'run', 'retail_data_pipeline', 'generate_sales_data', 'manual__2026-07-13T21:01:41.954183+00:00', '--job-id', '2', '--raw', '--subdir', 'DAGS_FOLDER/retail_data_pipeline.py', '--cfg-path', '/var/folders/b6/0hr2lwsd3nsdd5yd4q8hlhrw0000gn/T/tmpw06bz62k']
[2026-07-13T17:01:44.079-0400] {standard_task_runner.py:105} INFO - Job 2: Subtask generate_sales_data
[2026-07-13T17:01:44.102-0400] {task_command.py:467} INFO - Running <TaskInstance: retail_data_pipeline.generate_sales_data manual__2026-07-13T21:01:41.954183+00:00 [running]> on host anithas-macbook-air.local
[2026-07-13T17:01:44.137-0400] {taskinstance.py:3132} INFO - Exporting env vars: AIRFLOW_CTX_DAG_OWNER='anitha' AIRFLOW_CTX_DAG_ID='retail_data_pipeline' AIRFLOW_CTX_TASK_ID='generate_sales_data' AIRFLOW_CTX_EXECUTION_DATE='2026-07-13T21:01:41.954183+00:00' AIRFLOW_CTX_TRY_NUMBER='1' AIRFLOW_CTX_DAG_RUN_ID='manual__2026-07-13T21:01:41.954183+00:00'
[2026-07-13T17:01:44.138-0400] {taskinstance.py:731} INFO - ::endgroup::
[2026-07-13T17:01:44.149-0400] {subprocess.py:78} INFO - Tmp dir root location: /var/folders/b6/0hr2lwsd3nsdd5yd4q8hlhrw0000gn/T
[2026-07-13T17:01:44.150-0400] {subprocess.py:88} INFO - Running command: ['/bin/bash', '-c', '\n        cd /Users/anitharaj/retail-data-engineering-platform &&\n        python src/data_generator.py\n        ']
[2026-07-13T17:01:44.154-0400] {subprocess.py:99} INFO - Output:
[2026-07-13T17:01:44.340-0400] {subprocess.py:106} INFO - Generated 1000 retail transactions
[2026-07-13T17:01:44.349-0400] {subprocess.py:110} INFO - Command exited with return code 0
[2026-07-13T17:01:44.359-0400] {taskinstance.py:340} INFO - ::group::Post task execution logs
[2026-07-13T17:01:44.360-0400] {taskinstance.py:352} INFO - Marking task as SUCCESS. dag_id=retail_data_pipeline, task_id=generate_sales_data, run_id=manual__2026-07-13T21:01:41.954183+00:00, execution_date=20260713T210141, start_date=20260713T210144, end_date=20260713T210144
[2026-07-13T17:01:44.378-0400] {local_task_job_runner.py:266} INFO - Task exited with return code 0
[2026-07-13T17:01:44.387-0400] {taskinstance.py:3895} INFO - 1 downstream tasks scheduled from follow-on schedule check
[2026-07-13T17:01:44.388-0400] {local_task_job_runner.py:245} INFO - ::endgroup::
