[2026-07-13T16:10:36.303-0400] {manager.py:483} INFO - Processing files using up to 1 processes at a time 
[2026-07-13T16:10:36.303-0400] {manager.py:484} INFO - Process each file at most once every 30 seconds
[2026-07-13T16:10:36.303-0400] {manager.py:485} INFO - Checking for new files in /Users/anitharaj/retail-data-engineering-platform/airflow/dags every 300 seconds
[2026-07-13T16:10:36.303-0400] {manager.py:821} INFO - Searching for files in /Users/anitharaj/retail-data-engineering-platform/airflow/dags
[2026-07-13T16:10:36.317-0400] {manager.py:824} INFO - There are 57 files in /Users/anitharaj/retail-data-engineering-platform/airflow/dags
[2026-07-13T16:11:06.324-0400] {manager.py:997} INFO - 
================================================================================
DAG File Processing Stats

File Path                                                                                                                                                           PID    Runtime      # DAGs    # Errors  Last Runtime    Last Run               Last # of DB Queries
------------------------------------------------------------------------------------------------------------------------------------------------------------------  -----  ---------  --------  ----------  --------------  -------------------  ----------------------
/Users/anitharaj/retail-data-engineering-platform/venv/lib/python3.9/site-packages/airflow/example_dags/example_workday_timetable.py                                                         1           0  1.80s           2026-07-13T20:11:06                      45
/Users/anitharaj/retail-data-engineering-platform/venv/lib/python3.9/site-packages/airflow/example_dags/plugins/workday.py                                                                   0           0  1.73s           2026-07-13T20:10:40                       3
/Users/anitharaj/retail-data-engineering-platform/venv/lib/python3.9/site-packages/airflow/example_dags/example_xcomargs.py                                                                  2           0  1.41s           2026-07-13T20:11:01                      79
/Users/anitharaj/retail-data-engineering-platform/venv/lib/python3.9/site-packages/airflow/example_dags/example_xcom.py                                                                      1           0  1.40s           2026-07-13T20:11:03                      45
/Users/anitharaj/retail-data-engineering-platform/venv/lib/python3.9/site-packages/airflow/example_dags/tutorial_objectstorage.py                                                            1           0  1.37s           2026-07-13T20:10:55                      43
/Users/anitharaj/retail-data-engineering-platform/venv/lib/python3.9/site-packages/airflow/example_dags/tutorial_dag.py                                                                      1           0  1.35s           2026-07-13T20:10:57                      43
/Users/anitharaj/retail-data-engineering-platform/venv/lib/python3.9/site-packages/airflow/example_dags/tutorial_taskflow_templates.py                                                       1           0  1.34s           2026-07-13T20:10:48                      45
/Users/anitharaj/retail-data-engineering-platform/venv/lib/python3.9/site-packages/airflow/example_dags/tutorial.py                                                                          1           0  1.33s           2026-07-13T20:10:59                      45
/Users/anitharaj/retail-data-engineering-platform/venv/lib/python3.9/site-packages/airflow/example_dags/subdags/subdag.py                                                                    0           0  1.30s           2026-07-13T20:10:37                       3
/Users/anitharaj/retail-data-engineering-platform/venv/lib/python3.9/site-packages/airflow/example_dags/tutorial_taskflow_api.py                                                             1           0  1.30s           2026-07-13T20:10:52                      43
/Users/anitharaj/retail-data-engineering-platform/venv/lib/python3.9/site-packages/airflow/example_dags/plugins/listener_plugin.py                                                           0           0  1.23s           2026-07-13T20:10:42                       3
/Users/anitharaj/retail-data-engineering-platform/venv/lib/python3.9/site-packages/airflow/example_dags/tutorial_taskflow_api_virtualenv.py                                                  0           0  1.22s           2026-07-13T20:10:50                       3
/Users/anitharaj/retail-data-engineering-platform/venv/lib/python3.9/site-packages/airflow/example_dags/plugins/event_listener.py                                                            0           0  1.21s           2026-07-13T20:10:44                       3
/Users/anitharaj/retail-data-engineering-platform/venv/lib/python3.9/site-packages/airflow/example_dags/plugins/decreasing_priority_weight_strategy.py                                       0           0  1.19s           2026-07-13T20:10:46                       3
/Users/anitharaj/retail-data-engineering-platform/venv/lib/python3.9/site-packages/airflow/example_dags/example_latest_only.py                                                               0           0                                                            0
/Users/anitharaj/retail-data-engineering-platform/venv/lib/python3.9/site-packages/airflow/example_dags/example_local_kubernetes_executor.py                                                 0           0                                                            0
/Users/anitharaj/retail-data-engineering-platform/venv/lib/python3.9/site-packages/airflow/example_dags/example_task_group_decorator.py                                                      0           0                                                            0
/Users/anitharaj/retail-data-engineering-platform/venv/lib/python3.9/site-packages/airflow/example_dags/example_complex.py                                                                   0           0                                                            0
/Users/anitharaj/retail-data-engineering-platform/venv/lib/python3.9/site-packages/airflow/example_dags/example_python_operator.py                                                           0           0                                                            0
/Users/anitharaj/retail-data-engineering-platform/venv/lib/python3.9/site-packages/airflow/example_dags/example_params_trigger_ui.py                                                         0           0                                                            0
/Users/anitharaj/retail-data-engineering-platform/venv/lib/python3.9/site-packages/airflow/example_dags/example_external_task_marker_dag.py                                                  0           0                                                            0
/Users/anitharaj/retail-data-engineering-platform/venv/lib/python3.9/site-packages/airflow/example_dags/example_bash_operator.py                                                             0           0                                                            0
/Users/anitharaj/retail-data-engineering-platform/venv/lib/python3.9/site-packages/airflow/example_dags/example_dataset_alias.py                                                             0           0                                                            0
/Users/anitharaj/retail-data-engineering-platform/venv/lib/python3.9/site-packages/airflow/example_dags/example_short_circuit_operator.py                                                    0           0                                                            0
/Users/anitharaj/retail-data-engineering-platform/venv/lib/python3.9/site-packages/airflow/example_dags/example_setup_teardown.py                                                            0           0                                                            0
/Users/anitharaj/retail-data-engineering-platform/venv/lib/python3.9/site-packages/airflow/example_dags/example_branch_operator.py                                                           0           0                                                            0
/Users/anitharaj/retail-data-engineering-platform/venv/lib/python3.9/site-packages/airflow/example_dags/example_branch_labels.py                                                             0           0                                                            0
/Users/anitharaj/retail-data-engineering-platform/venv/lib/python3.9/site-packages/airflow/example_dags/example_task_group.py                                                                0           0                                                            0
/Users/anitharaj/retail-data-engineering-platform/venv/lib/python3.9/site-packages/airflow/example_dags/example_inlet_event_extra.py                                                         0           0                                                            0
/Users/anitharaj/retail-data-engineering-platform/venv/lib/python3.9/site-packages/airflow/example_dags/example_python_decorator.py                                                          0           0                                                            0
/Users/anitharaj/retail-data-engineering-platform/venv/lib/python3.9/site-packages/airflow/example_dags/example_sla_dag.py                                                                   0           0                                                            0
/Users/anitharaj/retail-data-engineering-platform/venv/lib/python3.9/site-packages/airflow/example_dags/example_passing_params_via_test_command.py                                           0           0                                                            0
/Users/anitharaj/retail-data-engineering-platform/venv/lib/python3.9/site-packages/airflow/example_dags/example_latest_only_with_trigger.py                                                  0           0                                                            0
/Users/anitharaj/retail-data-engineering-platform/venv/lib/python3.9/site-packages/airflow/example_dags/example_time_delta_sensor_async.py                                                   0           0                                                            0
/Users/anitharaj/retail-data-engineering-platform/venv/lib/python3.9/site-packages/airflow/example_dags/example_dataset_alias_with_no_taskflow.py                                            0           0                                                            0
/Users/anitharaj/retail-data-engineering-platform/venv/lib/python3.9/site-packages/airflow/example_dags/example_dag_decorator.py                                                             0           0                                                            0
/Users/anitharaj/retail-data-engineering-platform/venv/lib/python3.9/site-packages/airflow/example_dags/example_display_name.py                                                              0           0                                                            0
/Users/anitharaj/retail-data-engineering-platform/venv/lib/python3.9/site-packages/airflow/example_dags/example_branch_operator_decorator.py                                                 0           0                                                            0
/Users/anitharaj/retail-data-engineering-platform/venv/lib/python3.9/site-packages/airflow/example_dags/example_branch_day_of_week_operator.py                                               0           0                                                            0
/Users/anitharaj/retail-data-engineering-platform/venv/lib/python3.9/site-packages/airflow/example_dags/example_skip_dag.py                                                                  0           0                                                            0
/Users/anitharaj/retail-data-engineering-platform/venv/lib/python3.9/site-packages/airflow/example_dags/example_outlet_event_extra.py                                                        0           0                                                            0
/Users/anitharaj/retail-data-engineering-platform/venv/lib/python3.9/site-packages/airflow/example_dags/example_short_circuit_decorator.py                                                   0           0                                                            0
/Users/anitharaj/retail-data-engineering-platform/venv/lib/python3.9/site-packages/airflow/example_dags/example_datasets.py                                                                  0           0                                                            0
/Users/anitharaj/retail-data-engineering-platform/venv/lib/python3.9/site-packages/airflow/example_dags/example_trigger_target_dag.py                                                        0           0                                                            0
/Users/anitharaj/retail-data-engineering-platform/venv/lib/python3.9/site-packages/airflow/example_dags/example_bash_decorator.py                                                            0           0                                                            0
/Users/anitharaj/retail-data-engineering-platform/venv/lib/python3.9/site-packages/airflow/example_dags/example_sensor_decorator.py                                                          0           0                                                            0
/Users/anitharaj/retail-data-engineering-platform/venv/lib/python3.9/site-packages/airflow/example_dags/example_kubernetes_executor.py                                                       0           0                                                            0
/Users/anitharaj/retail-data-engineering-platform/venv/lib/python3.9/site-packages/airflow/example_dags/example_branch_python_dop_operator_3.py                                              0           0                                                            0
/Users/anitharaj/retail-data-engineering-platform/venv/lib/python3.9/site-packages/airflow/example_dags/example_sensors.py                                                                   0           0                                                            0
/Users/anitharaj/retail-data-engineering-platform/venv/lib/python3.9/site-packages/airflow/example_dags/example_setup_teardown_taskflow.py                                                   0           0                                                            0
/Users/anitharaj/retail-data-engineering-platform/venv/lib/python3.9/site-packages/airflow/example_dags/example_branch_datetime_operator.py                                                  0           0                                                            0
/Users/anitharaj/retail-data-engineering-platform/venv/lib/python3.9/site-packages/airflow/example_dags/example_nested_branch_dag.py                                                         0           0                                                            0
/Users/anitharaj/retail-data-engineering-platform/venv/lib/python3.9/site-packages/airflow/example_dags/example_subdag_operator.py                                                           0           0                                                            0
/Users/anitharaj/retail-data-engineering-platform/venv/lib/python3.9/site-packages/airflow/example_dags/example_dynamic_task_mapping_with_no_taskflow_operators.py                           0           0                                                            0
/Users/anitharaj/retail-data-engineering-platform/venv/lib/python3.9/site-packages/airflow/example_dags/example_trigger_controller_dag.py                                                    0           0                                                            0
/Users/anitharaj/retail-data-engineering-platform/venv/lib/python3.9/site-packages/airflow/example_dags/example_params_ui_tutorial.py                                                        0           0                                                            0
/Users/anitharaj/retail-data-engineering-platform/venv/lib/python3.9/site-packages/airflow/example_dags/example_dynamic_task_mapping.py                                                      0           0                                                            0
================================================================================
[2026-07-13T16:11:38.737-0400] {manager.py:997} INFO - 
================================================================================
DAG File Processing Stats

File Path                                                                                                                                                           PID    Runtime      # DAGs    # Errors  Last Runtime    Last Run               Last # of DB Queries
------------------------------------------------------------------------------------------------------------------------------------------------------------------  -----  ---------  --------  ----------  --------------  -------------------  ----------------------
/Users/anitharaj/retail-data-engineering-platform/venv/lib/python3.9/site-packages/airflow/example_dags/example_sensor_decorator.py                                                          1           0  1.92s           2026-07-13T20:11:38                      43
/Users/anitharaj/retail-data-engineering-platform/venv/lib/python3.9/site-packages/airflow/example_dags/example_sensors.py                                                                   1           0  1.92s           2026-07-13T20:11:35                      43
/Users/anitharaj/retail-data-engineering-platform/venv/lib/python3.9/site-packages/airflow/example_dags/example_subdag_operator.py                                                           3           0  1.87s           2026-07-13T20:11:19                      53
/Users/anitharaj/retail-data-engineering-platform/venv/lib/python3.9/site-packages/airflow/example_dags/example_workday_timetable.py                                                         1           0  1.80s           2026-07-13T20:11:06                      45
/Users/anitharaj/retail-data-engineering-platform/venv/lib/python3.9/site-packages/airflow/example_dags/plugins/workday.py                                                                   0           0  1.73s           2026-07-13T20:10:40                       3
/Users/anitharaj/retail-data-engineering-platform/venv/lib/python3.9/site-packages/airflow/example_dags/example_time_delta_sensor_async.py                                                   1           0  1.72s           2026-07-13T20:11:13                      43
/Users/anitharaj/retail-data-engineering-platform/venv/lib/python3.9/site-packages/airflow/example_dags/example_sla_dag.py                                                                   1           0  1.44s           2026-07-13T20:11:22                      45
/Users/anitharaj/retail-data-engineering-platform/venv/lib/python3.9/site-packages/airflow/example_dags/example_task_group_decorator.py                                                      1           0  1.42s           2026-07-13T20:11:15                      43
/Users/anitharaj/retail-data-engineering-platform/venv/lib/python3.9/site-packages/airflow/example_dags/example_setup_teardown.py                                                            1           0  1.41s           2026-07-13T20:11:32                      43
/Users/anitharaj/retail-data-engineering-platform/venv/lib/python3.9/site-packages/airflow/example_dags/example_xcomargs.py                                                                  2           0  1.41s           2026-07-13T20:11:01                      79
/Users/anitharaj/retail-data-engineering-platform/venv/lib/python3.9/site-packages/airflow/example_dags/example_trigger_target_dag.py                                                        1           0  1.40s           2026-07-13T20:11:08                      43
/Users/anitharaj/retail-data-engineering-platform/venv/lib/python3.9/site-packages/airflow/example_dags/example_xcom.py                                                                      1           0  1.40s           2026-07-13T20:11:03                      45
/Users/anitharaj/retail-data-engineering-platform/venv/lib/python3.9/site-packages/airflow/example_dags/example_short_circuit_decorator.py                                                   1           0  1.39s           2026-07-13T20:11:28                      43
/Users/anitharaj/retail-data-engineering-platform/venv/lib/python3.9/site-packages/airflow/example_dags/tutorial_objectstorage.py                                                            1           0  1.37s           2026-07-13T20:10:55                      43
/Users/anitharaj/retail-data-engineering-platform/venv/lib/python3.9/site-packages/airflow/example_dags/example_task_group.py                                                                1           0  1.37s           2026-07-13T20:11:17                      43
/Users/anitharaj/retail-data-engineering-platform/venv/lib/python3.9/site-packages/airflow/example_dags/tutorial_dag.py                                                                      1           0  1.35s           2026-07-13T20:10:57                      43
/Users/anitharaj/retail-data-engineering-platform/venv/lib/python3.9/site-packages/airflow/example_dags/example_setup_teardown_taskflow.py                                                   1           0  1.35s           2026-07-13T20:11:31                      43
/Users/anitharaj/retail-data-engineering-platform/venv/lib/python3.9/site-packages/airflow/example_dags/example_trigger_controller_dag.py                                                    1           0  1.35s           2026-07-13T20:11:11                      45
/Users/anitharaj/retail-data-engineering-platform/venv/lib/python3.9/site-packages/airflow/example_dags/tutorial_taskflow_templates.py                                                       1           0  1.34s           2026-07-13T20:10:48                      45
/Users/anitharaj/retail-data-engineering-platform/venv/lib/python3.9/site-packages/airflow/example_dags/example_short_circuit_operator.py                                                    1           0  1.34s           2026-07-13T20:11:26                      43
/Users/anitharaj/retail-data-engineering-platform/venv/lib/python3.9/site-packages/airflow/example_dags/tutorial.py                                                                          1           0  1.33s           2026-07-13T20:10:59                      45
/Users/anitharaj/retail-data-engineering-platform/venv/lib/python3.9/site-packages/airflow/example_dags/example_skip_dag.py                                                                  1           0  1.33s           2026-07-13T20:11:24                      45
/Users/anitharaj/retail-data-engineering-platform/venv/lib/python3.9/site-packages/airflow/example_dags/subdags/subdag.py                                                                    0           0  1.30s           2026-07-13T20:10:37                       3
/Users/anitharaj/retail-data-engineering-platform/venv/lib/python3.9/site-packages/airflow/example_dags/tutorial_taskflow_api.py                                                             1           0  1.30s           2026-07-13T20:10:52                      43
/Users/anitharaj/retail-data-engineering-platform/venv/lib/python3.9/site-packages/airflow/example_dags/plugins/listener_plugin.py                                                           0           0  1.23s           2026-07-13T20:10:42                       3
/Users/anitharaj/retail-data-engineering-platform/venv/lib/python3.9/site-packages/airflow/example_dags/tutorial_taskflow_api_virtualenv.py                                                  0           0  1.22s           2026-07-13T20:10:50                       3
/Users/anitharaj/retail-data-engineering-platform/venv/lib/python3.9/site-packages/airflow/example_dags/plugins/event_listener.py                                                            0           0  1.21s           2026-07-13T20:10:44                       3
/Users/anitharaj/retail-data-engineering-platform/venv/lib/python3.9/site-packages/airflow/example_dags/plugins/decreasing_priority_weight_strategy.py                                       0           0  1.19s           2026-07-13T20:10:46                       3
/Users/anitharaj/retail-data-engineering-platform/venv/lib/python3.9/site-packages/airflow/example_dags/example_latest_only.py                                                               0           0                                                            0
/Users/anitharaj/retail-data-engineering-platform/venv/lib/python3.9/site-packages/airflow/example_dags/example_local_kubernetes_executor.py                                                 0           0                                                            0
/Users/anitharaj/retail-data-engineering-platform/venv/lib/python3.9/site-packages/airflow/example_dags/example_complex.py                                                                   0           0                                                            0
/Users/anitharaj/retail-data-engineering-platform/venv/lib/python3.9/site-packages/airflow/example_dags/example_python_operator.py                                                           0           0                                                            0
/Users/anitharaj/retail-data-engineering-platform/venv/lib/python3.9/site-packages/airflow/example_dags/example_params_trigger_ui.py                                                         0           0                                                            0
/Users/anitharaj/retail-data-engineering-platform/venv/lib/python3.9/site-packages/airflow/example_dags/example_external_task_marker_dag.py                                                  0           0                                                            0
/Users/anitharaj/retail-data-engineering-platform/venv/lib/python3.9/site-packages/airflow/example_dags/example_bash_operator.py                                                             0           0                                                            0
/Users/anitharaj/retail-data-engineering-platform/venv/lib/python3.9/site-packages/airflow/example_dags/example_dataset_alias.py                                                             0           0                                                            0
/Users/anitharaj/retail-data-engineering-platform/venv/lib/python3.9/site-packages/airflow/example_dags/example_branch_operator.py                                                           0           0                                                            0
/Users/anitharaj/retail-data-engineering-platform/venv/lib/python3.9/site-packages/airflow/example_dags/example_branch_labels.py                                                             0           0                                                            0
/Users/anitharaj/retail-data-engineering-platform/venv/lib/python3.9/site-packages/airflow/example_dags/example_inlet_event_extra.py                                                         0           0                                                            0
/Users/anitharaj/retail-data-engineering-platform/venv/lib/python3.9/site-packages/airflow/example_dags/example_python_decorator.py                                                          0           0                                                            0
/Users/anitharaj/retail-data-engineering-platform/venv/lib/python3.9/site-packages/airflow/example_dags/example_passing_params_via_test_command.py                                           0           0                                                            0
/Users/anitharaj/retail-data-engineering-platform/venv/lib/python3.9/site-packages/airflow/example_dags/example_latest_only_with_trigger.py                                                  0           0                                                            0
/Users/anitharaj/retail-data-engineering-platform/venv/lib/python3.9/site-packages/airflow/example_dags/example_dataset_alias_with_no_taskflow.py                                            0           0                                                            0
/Users/anitharaj/retail-data-engineering-platform/venv/lib/python3.9/site-packages/airflow/example_dags/example_dag_decorator.py                                                             0           0                                                            0
/Users/anitharaj/retail-data-engineering-platform/venv/lib/python3.9/site-packages/airflow/example_dags/example_display_name.py                                                              0           0                                                            0
/Users/anitharaj/retail-data-engineering-platform/venv/lib/python3.9/site-packages/airflow/example_dags/example_branch_operator_decorator.py                                                 0           0                                                            0
/Users/anitharaj/retail-data-engineering-platform/venv/lib/python3.9/site-packages/airflow/example_dags/example_branch_day_of_week_operator.py                                               0           0                                                            0
/Users/anitharaj/retail-data-engineering-platform/venv/lib/python3.9/site-packages/airflow/example_dags/example_outlet_event_extra.py                                                        0           0                                                            0
/Users/anitharaj/retail-data-engineering-platform/venv/lib/python3.9/site-packages/airflow/example_dags/example_datasets.py                                                                  0           0                                                            0
/Users/anitharaj/retail-data-engineering-platform/venv/lib/python3.9/site-packages/airflow/example_dags/example_bash_decorator.py                                                            0           0                                                            0
/Users/anitharaj/retail-data-engineering-platform/venv/lib/python3.9/site-packages/airflow/example_dags/example_kubernetes_executor.py                                                       0           0                                                            0
/Users/anitharaj/retail-data-engineering-platform/venv/lib/python3.9/site-packages/airflow/example_dags/example_branch_python_dop_operator_3.py                                              0           0                                                            0
/Users/anitharaj/retail-data-engineering-platform/venv/lib/python3.9/site-packages/airflow/example_dags/example_branch_datetime_operator.py                                                  0           0                                                            0
/Users/anitharaj/retail-data-engineering-platform/venv/lib/python3.9/site-packages/airflow/example_dags/example_nested_branch_dag.py                                                         0           0                                                            0
/Users/anitharaj/retail-data-engineering-platform/venv/lib/python3.9/site-packages/airflow/example_dags/example_dynamic_task_mapping_with_no_taskflow_operators.py                           0           0                                                            0
/Users/anitharaj/retail-data-engineering-platform/venv/lib/python3.9/site-packages/airflow/example_dags/example_params_ui_tutorial.py                                                        0           0                                                            0
/Users/anitharaj/retail-data-engineering-platform/venv/lib/python3.9/site-packages/airflow/example_dags/example_dynamic_task_mapping.py                                                      0           0                                                            0
================================================================================
[2026-07-13T16:12:08.047-0400] {manager.py:465} INFO - Exiting gracefully upon receiving signal 15
[2026-07-13T16:14:39.569-0400] {manager.py:483} INFO - Processing files using up to 1 processes at a time 
[2026-07-13T16:14:39.569-0400] {manager.py:484} INFO - Process each file at most once every 30 seconds
[2026-07-13T16:14:39.569-0400] {manager.py:485} INFO - Checking for new files in /Users/anitharaj/retail-data-engineering-platform/airflow/dags every 300 seconds
[2026-07-13T16:14:39.569-0400] {manager.py:821} INFO - Searching for files in /Users/anitharaj/retail-data-engineering-platform/airflow/dags
[2026-07-13T16:14:39.570-0400] {manager.py:824} INFO - There are 0 files in /Users/anitharaj/retail-data-engineering-platform/airflow/dags
[2026-07-13T16:47:29.767-0400] {manager.py:483} INFO - Processing files using up to 1 processes at a time 
[2026-07-13T16:47:29.767-0400] {manager.py:484} INFO - Process each file at most once every 30 seconds
[2026-07-13T16:47:29.767-0400] {manager.py:485} INFO - Checking for new files in /Users/anitharaj/retail-data-engineering-platform/airflow/dags every 300 seconds
[2026-07-13T16:47:29.767-0400] {manager.py:821} INFO - Searching for files in /Users/anitharaj/retail-data-engineering-platform/airflow/dags
[2026-07-13T16:47:29.768-0400] {manager.py:824} INFO - There are 1 files in /Users/anitharaj/retail-data-engineering-platform/airflow/dags
[2026-07-13T16:47:58.752-0400] {manager.py:997} INFO - 
================================================================================
DAG File Processing Stats

File Path                                                                               PID    Runtime      # DAGs    # Errors  Last Runtime    Last Run               Last # of DB Queries
--------------------------------------------------------------------------------------  -----  ---------  --------  ----------  --------------  -------------------  ----------------------
/Users/anitharaj/retail-data-engineering-platform/airflow/dags/retail_data_pipeline.py                           1           0  1.29s           2026-07-13T20:47:31                      41
================================================================================
[2026-07-13T16:48:28.822-0400] {manager.py:997} INFO - 
================================================================================
DAG File Processing Stats

File Path                                                                               PID    Runtime      # DAGs    # Errors  Last Runtime    Last Run               Last # of DB Queries
--------------------------------------------------------------------------------------  -----  ---------  --------  ----------  --------------  -------------------  ----------------------
/Users/anitharaj/retail-data-engineering-platform/airflow/dags/retail_data_pipeline.py                           1           0  1.46s           2026-07-13T20:48:03                      12
================================================================================
[2026-07-13T16:48:58.873-0400] {manager.py:997} INFO - 
================================================================================
DAG File Processing Stats

File Path                                                                               PID    Runtime      # DAGs    # Errors  Last Runtime    Last Run               Last # of DB Queries
--------------------------------------------------------------------------------------  -----  ---------  --------  ----------  --------------  -------------------  ----------------------
/Users/anitharaj/retail-data-engineering-platform/airflow/dags/retail_data_pipeline.py                           1           0  1.49s           2026-07-13T20:48:35                      12
================================================================================
[2026-07-13T16:49:28.944-0400] {manager.py:997} INFO - 
================================================================================
DAG File Processing Stats

File Path                                                                               PID    Runtime      # DAGs    # Errors  Last Runtime    Last Run               Last # of DB Queries
--------------------------------------------------------------------------------------  -----  ---------  --------  ----------  --------------  -------------------  ----------------------
/Users/anitharaj/retail-data-engineering-platform/airflow/dags/retail_data_pipeline.py                           1           0  1.23s           2026-07-13T20:49:07                      12
================================================================================
[2026-07-13T16:49:59.019-0400] {manager.py:997} INFO - 
================================================================================
DAG File Processing Stats

File Path                                                                               PID    Runtime      # DAGs    # Errors  Last Runtime    Last Run               Last # of DB Queries
--------------------------------------------------------------------------------------  -----  ---------  --------  ----------  --------------  -------------------  ----------------------
/Users/anitharaj/retail-data-engineering-platform/airflow/dags/retail_data_pipeline.py                           1           0  1.48s           2026-07-13T20:49:38                      12
================================================================================
[2026-07-13T16:50:29.091-0400] {manager.py:997} INFO - 
================================================================================
DAG File Processing Stats

File Path                                                                               PID    Runtime      # DAGs    # Errors  Last Runtime    Last Run               Last # of DB Queries
--------------------------------------------------------------------------------------  -----  ---------  --------  ----------  --------------  -------------------  ----------------------
/Users/anitharaj/retail-data-engineering-platform/airflow/dags/retail_data_pipeline.py                           1           0  1.47s           2026-07-13T20:50:10                      12
================================================================================
[2026-07-13T16:50:59.165-0400] {manager.py:997} INFO - 
================================================================================
DAG File Processing Stats

File Path                                                                               PID    Runtime      # DAGs    # Errors  Last Runtime    Last Run               Last # of DB Queries
--------------------------------------------------------------------------------------  -----  ---------  --------  ----------  --------------  -------------------  ----------------------
/Users/anitharaj/retail-data-engineering-platform/airflow/dags/retail_data_pipeline.py                           1           0  1.52s           2026-07-13T20:50:42                      12
================================================================================
[2026-07-13T16:51:29.242-0400] {manager.py:997} INFO - 
================================================================================
DAG File Processing Stats

File Path                                                                               PID    Runtime      # DAGs    # Errors  Last Runtime    Last Run               Last # of DB Queries
--------------------------------------------------------------------------------------  -----  ---------  --------  ----------  --------------  -------------------  ----------------------
/Users/anitharaj/retail-data-engineering-platform/airflow/dags/retail_data_pipeline.py                           1           0  1.55s           2026-07-13T20:51:13                      12
================================================================================
[2026-07-13T16:51:59.880-0400] {manager.py:997} INFO - 
================================================================================
DAG File Processing Stats

File Path                                                                               PID    Runtime      # DAGs    # Errors  Last Runtime    Last Run               Last # of DB Queries
--------------------------------------------------------------------------------------  -----  ---------  --------  ----------  --------------  -------------------  ----------------------
/Users/anitharaj/retail-data-engineering-platform/airflow/dags/retail_data_pipeline.py                           1           0  1.79s           2026-07-13T20:51:45                      12
================================================================================
[2026-07-13T16:52:29.853-0400] {manager.py:821} INFO - Searching for files in /Users/anitharaj/retail-data-engineering-platform/airflow/dags
[2026-07-13T16:52:29.855-0400] {manager.py:824} INFO - There are 1 files in /Users/anitharaj/retail-data-engineering-platform/airflow/dags
[2026-07-13T16:52:30.893-0400] {manager.py:997} INFO - 
================================================================================
DAG File Processing Stats

File Path                                                                               PID    Runtime      # DAGs    # Errors  Last Runtime    Last Run               Last # of DB Queries
--------------------------------------------------------------------------------------  -----  ---------  --------  ----------  --------------  -------------------  ----------------------
/Users/anitharaj/retail-data-engineering-platform/airflow/dags/retail_data_pipeline.py                           1           0  1.49s           2026-07-13T20:52:17                      12
================================================================================
[2026-07-13T16:53:01.012-0400] {manager.py:997} INFO - 
================================================================================
DAG File Processing Stats

File Path                                                                               PID    Runtime      # DAGs    # Errors  Last Runtime    Last Run               Last # of DB Queries
--------------------------------------------------------------------------------------  -----  ---------  --------  ----------  --------------  -------------------  ----------------------
/Users/anitharaj/retail-data-engineering-platform/airflow/dags/retail_data_pipeline.py                           1           0  1.58s           2026-07-13T20:52:48                      12
================================================================================
[2026-07-13T16:53:31.547-0400] {manager.py:997} INFO - 
================================================================================
DAG File Processing Stats

File Path                                                                               PID    Runtime      # DAGs    # Errors  Last Runtime    Last Run               Last # of DB Queries
--------------------------------------------------------------------------------------  -----  ---------  --------  ----------  --------------  -------------------  ----------------------
/Users/anitharaj/retail-data-engineering-platform/airflow/dags/retail_data_pipeline.py                           1           0  1.48s           2026-07-13T20:53:20                      12
================================================================================
[2026-07-13T16:54:01.766-0400] {manager.py:997} INFO - 
================================================================================
DAG File Processing Stats

File Path                                                                               PID    Runtime      # DAGs    # Errors  Last Runtime    Last Run               Last # of DB Queries
--------------------------------------------------------------------------------------  -----  ---------  --------  ----------  --------------  -------------------  ----------------------
/Users/anitharaj/retail-data-engineering-platform/airflow/dags/retail_data_pipeline.py                           1           0  1.22s           2026-07-13T20:53:51                      12
================================================================================
[2026-07-13T16:54:32.003-0400] {manager.py:997} INFO - 
================================================================================
DAG File Processing Stats

File Path                                                                               PID    Runtime      # DAGs    # Errors  Last Runtime    Last Run               Last # of DB Queries
--------------------------------------------------------------------------------------  -----  ---------  --------  ----------  --------------  -------------------  ----------------------
/Users/anitharaj/retail-data-engineering-platform/airflow/dags/retail_data_pipeline.py                           1           0  1.56s           2026-07-13T20:54:23                      12
================================================================================
[2026-07-13T16:55:02.221-0400] {manager.py:997} INFO - 
================================================================================
DAG File Processing Stats

File Path                                                                               PID    Runtime      # DAGs    # Errors  Last Runtime    Last Run               Last # of DB Queries
--------------------------------------------------------------------------------------  -----  ---------  --------  ----------  --------------  -------------------  ----------------------
/Users/anitharaj/retail-data-engineering-platform/airflow/dags/retail_data_pipeline.py                           1           0  1.66s           2026-07-13T20:54:55                      12
================================================================================
[2026-07-13T16:55:32.813-0400] {manager.py:997} INFO - 
================================================================================
DAG File Processing Stats

File Path                                                                               PID    Runtime      # DAGs    # Errors  Last Runtime    Last Run               Last # of DB Queries
--------------------------------------------------------------------------------------  -----  ---------  --------  ----------  --------------  -------------------  ----------------------
/Users/anitharaj/retail-data-engineering-platform/airflow/dags/retail_data_pipeline.py                           1           0  1.56s           2026-07-13T20:55:26                      12
================================================================================
[2026-07-13T16:56:03.593-0400] {manager.py:997} INFO - 
================================================================================
DAG File Processing Stats

File Path                                                                               PID    Runtime      # DAGs    # Errors  Last Runtime    Last Run               Last # of DB Queries
--------------------------------------------------------------------------------------  -----  ---------  --------  ----------  --------------  -------------------  ----------------------
/Users/anitharaj/retail-data-engineering-platform/airflow/dags/retail_data_pipeline.py                           1           0  1.75s           2026-07-13T20:55:58                      12
================================================================================
[2026-07-13T16:56:08.809-0400] {manager.py:483} INFO - Processing files using up to 1 processes at a time 
[2026-07-13T16:56:08.809-0400] {manager.py:484} INFO - Process each file at most once every 30 seconds
[2026-07-13T16:56:08.810-0400] {manager.py:485} INFO - Checking for new files in /Users/anitharaj/retail-data-engineering-platform/airflow/dags every 300 seconds
[2026-07-13T16:56:08.810-0400] {manager.py:821} INFO - Searching for files in /Users/anitharaj/retail-data-engineering-platform/airflow/dags
[2026-07-13T16:56:08.810-0400] {manager.py:824} INFO - There are 1 files in /Users/anitharaj/retail-data-engineering-platform/airflow/dags
[2026-07-13T16:56:38.362-0400] {manager.py:997} INFO - 
================================================================================
DAG File Processing Stats

File Path                                                                               PID    Runtime      # DAGs    # Errors  Last Runtime    Last Run               Last # of DB Queries
--------------------------------------------------------------------------------------  -----  ---------  --------  ----------  --------------  -------------------  ----------------------
/Users/anitharaj/retail-data-engineering-platform/airflow/dags/retail_data_pipeline.py                           1           0  1.20s           2026-07-13T20:56:10                      12
================================================================================
[2026-07-13T16:57:08.759-0400] {manager.py:997} INFO - 
================================================================================
DAG File Processing Stats

File Path                                                                               PID    Runtime      # DAGs    # Errors  Last Runtime    Last Run               Last # of DB Queries
--------------------------------------------------------------------------------------  -----  ---------  --------  ----------  --------------  -------------------  ----------------------
/Users/anitharaj/retail-data-engineering-platform/airflow/dags/retail_data_pipeline.py                           1           0  1.31s           2026-07-13T20:56:41                      12
================================================================================
[2026-07-13T16:57:39.039-0400] {manager.py:997} INFO - 
================================================================================
DAG File Processing Stats

File Path                                                                               PID    Runtime      # DAGs    # Errors  Last Runtime    Last Run               Last # of DB Queries
--------------------------------------------------------------------------------------  -----  ---------  --------  ----------  --------------  -------------------  ----------------------
/Users/anitharaj/retail-data-engineering-platform/airflow/dags/retail_data_pipeline.py                           1           0  1.22s           2026-07-13T20:57:12                      12
================================================================================
[2026-07-13T16:58:09.629-0400] {manager.py:997} INFO - 
================================================================================
DAG File Processing Stats

File Path                                                                               PID    Runtime      # DAGs    # Errors  Last Runtime    Last Run               Last # of DB Queries
--------------------------------------------------------------------------------------  -----  ---------  --------  ----------  --------------  -------------------  ----------------------
/Users/anitharaj/retail-data-engineering-platform/airflow/dags/retail_data_pipeline.py                           1           0  1.53s           2026-07-13T20:57:44                      12
================================================================================
[2026-07-13T16:58:40.126-0400] {manager.py:997} INFO - 
================================================================================
DAG File Processing Stats

File Path                                                                               PID    Runtime      # DAGs    # Errors  Last Runtime    Last Run               Last # of DB Queries
--------------------------------------------------------------------------------------  -----  ---------  --------  ----------  --------------  -------------------  ----------------------
/Users/anitharaj/retail-data-engineering-platform/airflow/dags/retail_data_pipeline.py                           1           0  1.32s           2026-07-13T20:58:15                      12
================================================================================
[2026-07-13T16:59:10.386-0400] {manager.py:997} INFO - 
================================================================================
DAG File Processing Stats

File Path                                                                               PID    Runtime      # DAGs    # Errors  Last Runtime    Last Run               Last # of DB Queries
--------------------------------------------------------------------------------------  -----  ---------  --------  ----------  --------------  -------------------  ----------------------
/Users/anitharaj/retail-data-engineering-platform/airflow/dags/retail_data_pipeline.py                           1           0  1.23s           2026-07-13T20:58:47                      12
================================================================================
[2026-07-13T16:59:40.616-0400] {manager.py:997} INFO - 
================================================================================
DAG File Processing Stats

File Path                                                                               PID    Runtime      # DAGs    # Errors  Last Runtime    Last Run               Last # of DB Queries
--------------------------------------------------------------------------------------  -----  ---------  --------  ----------  --------------  -------------------  ----------------------
/Users/anitharaj/retail-data-engineering-platform/airflow/dags/retail_data_pipeline.py                           1           0  1.19s           2026-07-13T20:59:18                      12
================================================================================
[2026-07-13T17:00:10.926-0400] {manager.py:997} INFO - 
================================================================================
DAG File Processing Stats

File Path                                                                               PID    Runtime      # DAGs    # Errors  Last Runtime    Last Run               Last # of DB Queries
--------------------------------------------------------------------------------------  -----  ---------  --------  ----------  --------------  -------------------  ----------------------
/Users/anitharaj/retail-data-engineering-platform/airflow/dags/retail_data_pipeline.py                           1           0  1.26s           2026-07-13T20:59:49                      12
================================================================================
[2026-07-13T17:00:41.409-0400] {manager.py:997} INFO - 
================================================================================
DAG File Processing Stats

File Path                                                                               PID    Runtime      # DAGs    # Errors  Last Runtime    Last Run               Last # of DB Queries
--------------------------------------------------------------------------------------  -----  ---------  --------  ----------  --------------  -------------------  ----------------------
/Users/anitharaj/retail-data-engineering-platform/airflow/dags/retail_data_pipeline.py                           1           0  1.52s           2026-07-13T21:00:21                      12
================================================================================
[2026-07-13T17:01:09.170-0400] {manager.py:821} INFO - Searching for files in /Users/anitharaj/retail-data-engineering-platform/airflow/dags
[2026-07-13T17:01:09.174-0400] {manager.py:824} INFO - There are 1 files in /Users/anitharaj/retail-data-engineering-platform/airflow/dags
[2026-07-13T17:01:12.288-0400] {manager.py:997} INFO - 
================================================================================
DAG File Processing Stats

File Path                                                                               PID    Runtime      # DAGs    # Errors  Last Runtime    Last Run               Last # of DB Queries
--------------------------------------------------------------------------------------  -----  ---------  --------  ----------  --------------  -------------------  ----------------------
/Users/anitharaj/retail-data-engineering-platform/airflow/dags/retail_data_pipeline.py                           1           0  1.65s           2026-07-13T21:00:53                      12
================================================================================
[2026-07-13T17:01:42.596-0400] {manager.py:997} INFO - 
================================================================================
DAG File Processing Stats

File Path                                                                               PID    Runtime      # DAGs    # Errors  Last Runtime    Last Run               Last # of DB Queries
--------------------------------------------------------------------------------------  -----  ---------  --------  ----------  --------------  -------------------  ----------------------
/Users/anitharaj/retail-data-engineering-platform/airflow/dags/retail_data_pipeline.py                           1           0  1.25s           2026-07-13T21:01:24                      12
================================================================================
[2026-07-13T17:02:13.345-0400] {manager.py:997} INFO - 
================================================================================
DAG File Processing Stats

File Path                                                                               PID    Runtime      # DAGs    # Errors  Last Runtime    Last Run               Last # of DB Queries
--------------------------------------------------------------------------------------  -----  ---------  --------  ----------  --------------  -------------------  ----------------------
/Users/anitharaj/retail-data-engineering-platform/airflow/dags/retail_data_pipeline.py                           1           0  1.23s           2026-07-13T21:01:55                      12
================================================================================
[2026-07-13T17:02:43.703-0400] {manager.py:997} INFO - 
================================================================================
DAG File Processing Stats

File Path                                                                               PID    Runtime      # DAGs    # Errors  Last Runtime    Last Run               Last # of DB Queries
--------------------------------------------------------------------------------------  -----  ---------  --------  ----------  --------------  -------------------  ----------------------
/Users/anitharaj/retail-data-engineering-platform/airflow/dags/retail_data_pipeline.py                           1           0  1.24s           2026-07-13T21:02:27                      12
================================================================================
[2026-07-13T17:03:13.748-0400] {manager.py:997} INFO - 
================================================================================
DAG File Processing Stats

File Path                                                                               PID    Runtime      # DAGs    # Errors  Last Runtime    Last Run               Last # of DB Queries
--------------------------------------------------------------------------------------  -----  ---------  --------  ----------  --------------  -------------------  ----------------------
/Users/anitharaj/retail-data-engineering-platform/airflow/dags/retail_data_pipeline.py                           1           0  1.24s           2026-07-13T21:02:59                      12
================================================================================
[2026-07-13T17:03:43.821-0400] {manager.py:997} INFO - 
================================================================================
DAG File Processing Stats

File Path                                                                               PID    Runtime      # DAGs    # Errors  Last Runtime    Last Run               Last # of DB Queries
--------------------------------------------------------------------------------------  -----  ---------  --------  ----------  --------------  -------------------  ----------------------
/Users/anitharaj/retail-data-engineering-platform/airflow/dags/retail_data_pipeline.py                           1           0  1.23s           2026-07-13T21:03:31                      12
================================================================================
[2026-07-13T17:04:13.900-0400] {manager.py:997} INFO - 
================================================================================
DAG File Processing Stats

File Path                                                                               PID    Runtime      # DAGs    # Errors  Last Runtime    Last Run               Last # of DB Queries
--------------------------------------------------------------------------------------  -----  ---------  --------  ----------  --------------  -------------------  ----------------------
/Users/anitharaj/retail-data-engineering-platform/airflow/dags/retail_data_pipeline.py                           1           0  1.30s           2026-07-13T21:04:03                      12
================================================================================
[2026-07-13T17:04:43.924-0400] {manager.py:997} INFO - 
================================================================================
DAG File Processing Stats

File Path                                                                               PID    Runtime      # DAGs    # Errors  Last Runtime    Last Run               Last # of DB Queries
--------------------------------------------------------------------------------------  -----  ---------  --------  ----------  --------------  -------------------  ----------------------
/Users/anitharaj/retail-data-engineering-platform/airflow/dags/retail_data_pipeline.py                           1           0  1.49s           2026-07-13T21:04:34                      12
================================================================================
[2026-07-13T17:05:14.039-0400] {manager.py:997} INFO - 
================================================================================
DAG File Processing Stats

File Path                                                                               PID    Runtime      # DAGs    # Errors  Last Runtime    Last Run               Last # of DB Queries
--------------------------------------------------------------------------------------  -----  ---------  --------  ----------  --------------  -------------------  ----------------------
/Users/anitharaj/retail-data-engineering-platform/airflow/dags/retail_data_pipeline.py                           1           0  1.49s           2026-07-13T21:05:06                      12
================================================================================
[2026-07-13T17:05:44.580-0400] {manager.py:997} INFO - 
================================================================================
DAG File Processing Stats

File Path                                                                               PID    Runtime      # DAGs    # Errors  Last Runtime    Last Run               Last # of DB Queries
--------------------------------------------------------------------------------------  -----  ---------  --------  ----------  --------------  -------------------  ----------------------
/Users/anitharaj/retail-data-engineering-platform/airflow/dags/retail_data_pipeline.py                           1           0  1.31s           2026-07-13T21:05:37                      12
================================================================================
[2026-07-13T17:06:10.194-0400] {manager.py:821} INFO - Searching for files in /Users/anitharaj/retail-data-engineering-platform/airflow/dags
[2026-07-13T17:06:10.198-0400] {manager.py:824} INFO - There are 1 files in /Users/anitharaj/retail-data-engineering-platform/airflow/dags
[2026-07-13T17:06:14.817-0400] {manager.py:997} INFO - 
================================================================================
DAG File Processing Stats

File Path                                                                               PID    Runtime      # DAGs    # Errors  Last Runtime    Last Run               Last # of DB Queries
--------------------------------------------------------------------------------------  -----  ---------  --------  ----------  --------------  -------------------  ----------------------
/Users/anitharaj/retail-data-engineering-platform/airflow/dags/retail_data_pipeline.py                           1           0  1.28s           2026-07-13T21:06:09                      12
================================================================================
[2026-07-13T17:06:45.078-0400] {manager.py:997} INFO - 
================================================================================
DAG File Processing Stats

File Path                                                                               PID    Runtime      # DAGs    # Errors  Last Runtime    Last Run               Last # of DB Queries
--------------------------------------------------------------------------------------  -----  ---------  --------  ----------  --------------  -------------------  ----------------------
/Users/anitharaj/retail-data-engineering-platform/airflow/dags/retail_data_pipeline.py                           1           0  1.67s           2026-07-13T21:06:40                      12
================================================================================
[2026-07-13T17:07:15.422-0400] {manager.py:997} INFO - 
================================================================================
DAG File Processing Stats

File Path                                                                               PID    Runtime      # DAGs    # Errors  Last Runtime    Last Run               Last # of DB Queries
--------------------------------------------------------------------------------------  -----  ---------  --------  ----------  --------------  -------------------  ----------------------
/Users/anitharaj/retail-data-engineering-platform/airflow/dags/retail_data_pipeline.py                           1           0  1.28s           2026-07-13T21:07:12                      12
================================================================================
[2026-07-13T17:07:45.982-0400] {manager.py:997} INFO - 
================================================================================
DAG File Processing Stats

File Path                                                                               PID    Runtime      # DAGs    # Errors  Last Runtime    Last Run               Last # of DB Queries
--------------------------------------------------------------------------------------  -----  ---------  --------  ----------  --------------  -------------------  ----------------------
/Users/anitharaj/retail-data-engineering-platform/airflow/dags/retail_data_pipeline.py                           1           0  1.49s           2026-07-13T21:07:43                      12
================================================================================
[2026-07-13T17:08:16.300-0400] {manager.py:997} INFO - 
================================================================================
DAG File Processing Stats

File Path                                                                               PID    Runtime      # DAGs    # Errors  Last Runtime    Last Run               Last # of DB Queries
--------------------------------------------------------------------------------------  -----  ---------  --------  ----------  --------------  -------------------  ----------------------
/Users/anitharaj/retail-data-engineering-platform/airflow/dags/retail_data_pipeline.py                           1           0  1.25s           2026-07-13T21:08:15                      12
================================================================================
[2026-07-13T17:08:46.745-0400] {manager.py:997} INFO - 
================================================================================
DAG File Processing Stats

File Path                                                                               PID    Runtime      # DAGs    # Errors  Last Runtime    Last Run               Last # of DB Queries
--------------------------------------------------------------------------------------  -----  ---------  --------  ----------  --------------  -------------------  ----------------------
/Users/anitharaj/retail-data-engineering-platform/airflow/dags/retail_data_pipeline.py                           1           0  1.37s           2026-07-13T21:08:46                      12
================================================================================
[2026-07-13T17:09:18.372-0400] {manager.py:997} INFO - 
================================================================================
DAG File Processing Stats

File Path                                                                               PID    Runtime      # DAGs    # Errors  Last Runtime    Last Run               Last # of DB Queries
--------------------------------------------------------------------------------------  -----  ---------  --------  ----------  --------------  -------------------  ----------------------
/Users/anitharaj/retail-data-engineering-platform/airflow/dags/retail_data_pipeline.py                           1           0  1.51s           2026-07-13T21:09:18                      12
================================================================================
[2026-07-13T17:09:49.781-0400] {manager.py:997} INFO - 
================================================================================
DAG File Processing Stats

File Path                                                                               PID    Runtime      # DAGs    # Errors  Last Runtime    Last Run               Last # of DB Queries
--------------------------------------------------------------------------------------  -----  ---------  --------  ----------  --------------  -------------------  ----------------------
/Users/anitharaj/retail-data-engineering-platform/airflow/dags/retail_data_pipeline.py                           1           0  1.23s           2026-07-13T21:09:49                      12
================================================================================
[2026-07-13T17:10:21.224-0400] {manager.py:997} INFO - 
================================================================================
DAG File Processing Stats

File Path                                                                               PID    Runtime      # DAGs    # Errors  Last Runtime    Last Run               Last # of DB Queries
--------------------------------------------------------------------------------------  -----  ---------  --------  ----------  --------------  -------------------  ----------------------
/Users/anitharaj/retail-data-engineering-platform/airflow/dags/retail_data_pipeline.py                           1           0  1.21s           2026-07-13T21:10:21                      12
================================================================================
[2026-07-13T17:10:52.661-0400] {manager.py:997} INFO - 
================================================================================
DAG File Processing Stats

File Path                                                                               PID    Runtime      # DAGs    # Errors  Last Runtime    Last Run               Last # of DB Queries
--------------------------------------------------------------------------------------  -----  ---------  --------  ----------  --------------  -------------------  ----------------------
/Users/anitharaj/retail-data-engineering-platform/airflow/dags/retail_data_pipeline.py                           1           0  1.21s           2026-07-13T21:10:52                      12
================================================================================
[2026-07-13T17:11:10.848-0400] {manager.py:821} INFO - Searching for files in /Users/anitharaj/retail-data-engineering-platform/airflow/dags
[2026-07-13T17:11:10.851-0400] {manager.py:824} INFO - There are 1 files in /Users/anitharaj/retail-data-engineering-platform/airflow/dags
[2026-07-13T17:11:24.086-0400] {manager.py:997} INFO - 
================================================================================
DAG File Processing Stats

File Path                                                                               PID    Runtime      # DAGs    # Errors  Last Runtime    Last Run               Last # of DB Queries
--------------------------------------------------------------------------------------  -----  ---------  --------  ----------  --------------  -------------------  ----------------------
/Users/anitharaj/retail-data-engineering-platform/airflow/dags/retail_data_pipeline.py                           1           0  1.23s           2026-07-13T21:11:24                      12
================================================================================
[2026-07-13T17:11:55.562-0400] {manager.py:997} INFO - 
================================================================================
DAG File Processing Stats

File Path                                                                               PID    Runtime      # DAGs    # Errors  Last Runtime    Last Run               Last # of DB Queries
--------------------------------------------------------------------------------------  -----  ---------  --------  ----------  --------------  -------------------  ----------------------
/Users/anitharaj/retail-data-engineering-platform/airflow/dags/retail_data_pipeline.py                           1           0  1.23s           2026-07-13T21:11:55                      12
================================================================================
[2026-07-13T17:12:27.233-0400] {manager.py:997} INFO - 
================================================================================
DAG File Processing Stats

File Path                                                                               PID    Runtime      # DAGs    # Errors  Last Runtime    Last Run               Last # of DB Queries
--------------------------------------------------------------------------------------  -----  ---------  --------  ----------  --------------  -------------------  ----------------------
/Users/anitharaj/retail-data-engineering-platform/airflow/dags/retail_data_pipeline.py                           1           0  1.55s           2026-07-13T21:12:27                      12
================================================================================
[2026-07-13T17:12:58.872-0400] {manager.py:997} INFO - 
================================================================================
DAG File Processing Stats

File Path                                                                               PID    Runtime      # DAGs    # Errors  Last Runtime    Last Run               Last # of DB Queries
--------------------------------------------------------------------------------------  -----  ---------  --------  ----------  --------------  -------------------  ----------------------
/Users/anitharaj/retail-data-engineering-platform/airflow/dags/retail_data_pipeline.py                           1           0  1.52s           2026-07-13T21:12:58                      12
================================================================================
[2026-07-13T17:13:30.178-0400] {manager.py:997} INFO - 
================================================================================
DAG File Processing Stats

File Path                                                                               PID    Runtime      # DAGs    # Errors  Last Runtime    Last Run               Last # of DB Queries
--------------------------------------------------------------------------------------  -----  ---------  --------  ----------  --------------  -------------------  ----------------------
/Users/anitharaj/retail-data-engineering-platform/airflow/dags/retail_data_pipeline.py                           1           0  1.20s           2026-07-13T21:13:30                      12
================================================================================
[2026-07-13T17:14:01.474-0400] {manager.py:997} INFO - 
================================================================================
DAG File Processing Stats

File Path                                                                               PID    Runtime      # DAGs    # Errors  Last Runtime    Last Run               Last # of DB Queries
--------------------------------------------------------------------------------------  -----  ---------  --------  ----------  --------------  -------------------  ----------------------
/Users/anitharaj/retail-data-engineering-platform/airflow/dags/retail_data_pipeline.py                           1           0  1.22s           2026-07-13T21:14:01                      12
================================================================================
[2026-07-13T17:14:32.826-0400] {manager.py:997} INFO - 
================================================================================
DAG File Processing Stats

File Path                                                                               PID    Runtime      # DAGs    # Errors  Last Runtime    Last Run               Last # of DB Queries
--------------------------------------------------------------------------------------  -----  ---------  --------  ----------  --------------  -------------------  ----------------------
/Users/anitharaj/retail-data-engineering-platform/airflow/dags/retail_data_pipeline.py                           1           0  1.28s           2026-07-13T21:14:32                      12
================================================================================
[2026-07-13T17:15:04.369-0400] {manager.py:997} INFO - 
================================================================================
DAG File Processing Stats

File Path                                                                               PID    Runtime      # DAGs    # Errors  Last Runtime    Last Run               Last # of DB Queries
--------------------------------------------------------------------------------------  -----  ---------  --------  ----------  --------------  -------------------  ----------------------
/Users/anitharaj/retail-data-engineering-platform/airflow/dags/retail_data_pipeline.py                           1           0  1.47s           2026-07-13T21:15:04                      12
================================================================================
[2026-07-13T17:15:35.899-0400] {manager.py:997} INFO - 
================================================================================
DAG File Processing Stats

File Path                                                                               PID    Runtime      # DAGs    # Errors  Last Runtime    Last Run               Last # of DB Queries
--------------------------------------------------------------------------------------  -----  ---------  --------  ----------  --------------  -------------------  ----------------------
/Users/anitharaj/retail-data-engineering-platform/airflow/dags/retail_data_pipeline.py                           1           0  1.46s           2026-07-13T21:15:35                      12
================================================================================
[2026-07-13T17:16:07.456-0400] {manager.py:997} INFO - 
================================================================================
DAG File Processing Stats

File Path                                                                               PID    Runtime      # DAGs    # Errors  Last Runtime    Last Run               Last # of DB Queries
--------------------------------------------------------------------------------------  -----  ---------  --------  ----------  --------------  -------------------  ----------------------
/Users/anitharaj/retail-data-engineering-platform/airflow/dags/retail_data_pipeline.py                           1           0  1.49s           2026-07-13T21:16:07                      12
================================================================================
[2026-07-13T17:16:11.597-0400] {manager.py:821} INFO - Searching for files in /Users/anitharaj/retail-data-engineering-platform/airflow/dags
[2026-07-13T17:16:11.598-0400] {manager.py:824} INFO - There are 1 files in /Users/anitharaj/retail-data-engineering-platform/airflow/dags
[2026-07-13T17:16:39.018-0400] {manager.py:997} INFO - 
================================================================================
DAG File Processing Stats

File Path                                                                               PID    Runtime      # DAGs    # Errors  Last Runtime    Last Run               Last # of DB Queries
--------------------------------------------------------------------------------------  -----  ---------  --------  ----------  --------------  -------------------  ----------------------
/Users/anitharaj/retail-data-engineering-platform/airflow/dags/retail_data_pipeline.py                           1           0  1.48s           2026-07-13T21:16:39                      12
================================================================================
[2026-07-13T17:17:10.320-0400] {manager.py:997} INFO - 
================================================================================
DAG File Processing Stats

File Path                                                                               PID    Runtime      # DAGs    # Errors  Last Runtime    Last Run               Last # of DB Queries
--------------------------------------------------------------------------------------  -----  ---------  --------  ----------  --------------  -------------------  ----------------------
/Users/anitharaj/retail-data-engineering-platform/airflow/dags/retail_data_pipeline.py                           1           0  1.24s           2026-07-13T21:17:10                      12
================================================================================
[2026-07-13T17:17:41.889-0400] {manager.py:997} INFO - 
================================================================================
DAG File Processing Stats

File Path                                                                               PID    Runtime      # DAGs    # Errors  Last Runtime    Last Run               Last # of DB Queries
--------------------------------------------------------------------------------------  -----  ---------  --------  ----------  --------------  -------------------  ----------------------
/Users/anitharaj/retail-data-engineering-platform/airflow/dags/retail_data_pipeline.py                           1           0  1.50s           2026-07-13T21:17:41                      12
================================================================================
[2026-07-13T17:18:13.432-0400] {manager.py:997} INFO - 
================================================================================
DAG File Processing Stats

File Path                                                                               PID    Runtime      # DAGs    # Errors  Last Runtime    Last Run               Last # of DB Queries
--------------------------------------------------------------------------------------  -----  ---------  --------  ----------  --------------  -------------------  ----------------------
/Users/anitharaj/retail-data-engineering-platform/airflow/dags/retail_data_pipeline.py                           1           0  1.47s           2026-07-13T21:18:13                      12
================================================================================
[2026-07-13T17:18:43.505-0400] {manager.py:997} INFO - 
================================================================================
DAG File Processing Stats

File Path                                                                               PID    Runtime      # DAGs    # Errors  Last Runtime    Last Run               Last # of DB Queries
--------------------------------------------------------------------------------------  -----  ---------  --------  ----------  --------------  -------------------  ----------------------
/Users/anitharaj/retail-data-engineering-platform/airflow/dags/retail_data_pipeline.py                           1           0  1.57s           2026-07-13T21:18:26                      34
================================================================================
[2026-07-13T17:18:46.457-0400] {manager.py:465} INFO - Exiting gracefully upon receiving signal 15
