[2026-07-13T16:11:01.102-0400] {processor.py:186} INFO - Started process (PID=59210) to work on /Users/anitharaj/retail-data-engineering-platform/venv/lib/python3.9/site-packages/airflow/example_dags/example_xcomargs.py
[2026-07-13T16:11:01.104-0400] {processor.py:914} INFO - Processing file /Users/anitharaj/retail-data-engineering-platform/venv/lib/python3.9/site-packages/airflow/example_dags/example_xcomargs.py for tasks to queue
[2026-07-13T16:11:01.105-0400] {logging_mixin.py:190} INFO - [2026-07-13T16:11:01.105-0400] {dagbag.py:588} INFO - Filling up the DagBag from /Users/anitharaj/retail-data-engineering-platform/venv/lib/python3.9/site-packages/airflow/example_dags/example_xcomargs.py
[2026-07-13T16:11:01.132-0400] {processor.py:925} INFO - DAG(s) 'example_xcom_args_with_operators', 'example_xcom_args' retrieved from /Users/anitharaj/retail-data-engineering-platform/venv/lib/python3.9/site-packages/airflow/example_dags/example_xcomargs.py
[2026-07-13T16:11:01.249-0400] {logging_mixin.py:190} INFO - [2026-07-13T16:11:01.249-0400] {override.py:1911} INFO - Created Permission View: can delete on DAG:example_xcom_args_with_operators
[2026-07-13T16:11:01.254-0400] {logging_mixin.py:190} INFO - [2026-07-13T16:11:01.254-0400] {override.py:1911} INFO - Created Permission View: can read on DAG:example_xcom_args_with_operators
[2026-07-13T16:11:01.257-0400] {logging_mixin.py:190} INFO - [2026-07-13T16:11:01.257-0400] {override.py:1911} INFO - Created Permission View: can edit on DAG:example_xcom_args_with_operators
[2026-07-13T16:11:01.261-0400] {logging_mixin.py:190} INFO - [2026-07-13T16:11:01.261-0400] {override.py:1911} INFO - Created Permission View: can create on DAG Run:example_xcom_args_with_operators
[2026-07-13T16:11:01.264-0400] {logging_mixin.py:190} INFO - [2026-07-13T16:11:01.264-0400] {override.py:1911} INFO - Created Permission View: menu access on DAG Run:example_xcom_args_with_operators
[2026-07-13T16:11:01.267-0400] {logging_mixin.py:190} INFO - [2026-07-13T16:11:01.267-0400] {override.py:1911} INFO - Created Permission View: can delete on DAG Run:example_xcom_args_with_operators
[2026-07-13T16:11:01.270-0400] {logging_mixin.py:190} INFO - [2026-07-13T16:11:01.270-0400] {override.py:1911} INFO - Created Permission View: can read on DAG Run:example_xcom_args_with_operators
[2026-07-13T16:11:01.276-0400] {logging_mixin.py:190} INFO - [2026-07-13T16:11:01.276-0400] {override.py:1911} INFO - Created Permission View: can delete on DAG:example_xcom_args
[2026-07-13T16:11:01.279-0400] {logging_mixin.py:190} INFO - [2026-07-13T16:11:01.279-0400] {override.py:1911} INFO - Created Permission View: can read on DAG:example_xcom_args
[2026-07-13T16:11:01.281-0400] {logging_mixin.py:190} INFO - [2026-07-13T16:11:01.281-0400] {override.py:1911} INFO - Created Permission View: can edit on DAG:example_xcom_args
[2026-07-13T16:11:01.285-0400] {logging_mixin.py:190} INFO - [2026-07-13T16:11:01.285-0400] {override.py:1911} INFO - Created Permission View: can create on DAG Run:example_xcom_args
[2026-07-13T16:11:01.288-0400] {logging_mixin.py:190} INFO - [2026-07-13T16:11:01.288-0400] {override.py:1911} INFO - Created Permission View: menu access on DAG Run:example_xcom_args
[2026-07-13T16:11:01.291-0400] {logging_mixin.py:190} INFO - [2026-07-13T16:11:01.291-0400] {override.py:1911} INFO - Created Permission View: can delete on DAG Run:example_xcom_args
[2026-07-13T16:11:01.294-0400] {logging_mixin.py:190} INFO - [2026-07-13T16:11:01.294-0400] {override.py:1911} INFO - Created Permission View: can read on DAG Run:example_xcom_args
[2026-07-13T16:11:01.294-0400] {logging_mixin.py:190} INFO - [2026-07-13T16:11:01.294-0400] {dag.py:3239} INFO - Sync 2 DAGs
[2026-07-13T16:11:01.301-0400] {logging_mixin.py:190} INFO - [2026-07-13T16:11:01.301-0400] {dag.py:3262} INFO - Creating ORM DAG for example_xcom_args_with_operators
[2026-07-13T16:11:01.301-0400] {logging_mixin.py:190} INFO - [2026-07-13T16:11:01.301-0400] {dag.py:3262} INFO - Creating ORM DAG for example_xcom_args
[2026-07-13T16:11:01.301-0400] {logging_mixin.py:190} INFO - [2026-07-13T16:11:01.301-0400] {dag.py:4180} INFO - Setting next_dagrun for example_xcom_args to None, run_after=None
[2026-07-13T16:11:01.302-0400] {logging_mixin.py:190} INFO - [2026-07-13T16:11:01.302-0400] {dag.py:4180} INFO - Setting next_dagrun for example_xcom_args_with_operators to None, run_after=None
[2026-07-13T16:11:01.312-0400] {processor.py:208} INFO - Processing /Users/anitharaj/retail-data-engineering-platform/venv/lib/python3.9/site-packages/airflow/example_dags/example_xcomargs.py took 0.212 seconds
