[2026-07-13T16:12:06.833-0400] {processor.py:186} INFO - Started process (PID=62351) to work on /Users/anitharaj/retail-data-engineering-platform/venv/lib/python3.9/site-packages/airflow/example_dags/example_external_task_marker_dag.py
[2026-07-13T16:12:06.836-0400] {processor.py:914} INFO - Processing file /Users/anitharaj/retail-data-engineering-platform/venv/lib/python3.9/site-packages/airflow/example_dags/example_external_task_marker_dag.py for tasks to queue
[2026-07-13T16:12:06.836-0400] {logging_mixin.py:190} INFO - [2026-07-13T16:12:06.836-0400] {dagbag.py:588} INFO - Filling up the DagBag from /Users/anitharaj/retail-data-engineering-platform/venv/lib/python3.9/site-packages/airflow/example_dags/example_external_task_marker_dag.py
[2026-07-13T16:12:06.845-0400] {processor.py:925} INFO - DAG(s) 'example_external_task_marker_parent', 'example_external_task_marker_child' retrieved from /Users/anitharaj/retail-data-engineering-platform/venv/lib/python3.9/site-packages/airflow/example_dags/example_external_task_marker_dag.py
[2026-07-13T16:12:06.953-0400] {logging_mixin.py:190} INFO - [2026-07-13T16:12:06.953-0400] {override.py:1911} INFO - Created Permission View: can read on DAG:example_external_task_marker_parent
[2026-07-13T16:12:06.957-0400] {logging_mixin.py:190} INFO - [2026-07-13T16:12:06.957-0400] {override.py:1911} INFO - Created Permission View: can delete on DAG:example_external_task_marker_parent
[2026-07-13T16:12:06.960-0400] {logging_mixin.py:190} INFO - [2026-07-13T16:12:06.960-0400] {override.py:1911} INFO - Created Permission View: can edit on DAG:example_external_task_marker_parent
[2026-07-13T16:12:06.964-0400] {logging_mixin.py:190} INFO - [2026-07-13T16:12:06.964-0400] {override.py:1911} INFO - Created Permission View: can create on DAG Run:example_external_task_marker_parent
[2026-07-13T16:12:06.967-0400] {logging_mixin.py:190} INFO - [2026-07-13T16:12:06.967-0400] {override.py:1911} INFO - Created Permission View: can read on DAG Run:example_external_task_marker_parent
[2026-07-13T16:12:06.969-0400] {logging_mixin.py:190} INFO - [2026-07-13T16:12:06.969-0400] {override.py:1911} INFO - Created Permission View: can delete on DAG Run:example_external_task_marker_parent
[2026-07-13T16:12:06.972-0400] {logging_mixin.py:190} INFO - [2026-07-13T16:12:06.972-0400] {override.py:1911} INFO - Created Permission View: menu access on DAG Run:example_external_task_marker_parent
[2026-07-13T16:12:07.462-0400] {logging_mixin.py:190} INFO - [2026-07-13T16:12:07.462-0400] {override.py:1911} INFO - Created Permission View: can read on DAG:example_external_task_marker_child
[2026-07-13T16:12:07.466-0400] {logging_mixin.py:190} INFO - [2026-07-13T16:12:07.466-0400] {override.py:1911} INFO - Created Permission View: can delete on DAG:example_external_task_marker_child
[2026-07-13T16:12:07.469-0400] {logging_mixin.py:190} INFO - [2026-07-13T16:12:07.469-0400] {override.py:1911} INFO - Created Permission View: can edit on DAG:example_external_task_marker_child
[2026-07-13T16:12:07.474-0400] {logging_mixin.py:190} INFO - [2026-07-13T16:12:07.474-0400] {override.py:1911} INFO - Created Permission View: can create on DAG Run:example_external_task_marker_child
[2026-07-13T16:12:07.477-0400] {logging_mixin.py:190} INFO - [2026-07-13T16:12:07.477-0400] {override.py:1911} INFO - Created Permission View: can read on DAG Run:example_external_task_marker_child
[2026-07-13T16:12:07.480-0400] {logging_mixin.py:190} INFO - [2026-07-13T16:12:07.480-0400] {override.py:1911} INFO - Created Permission View: can delete on DAG Run:example_external_task_marker_child
[2026-07-13T16:12:07.483-0400] {logging_mixin.py:190} INFO - [2026-07-13T16:12:07.483-0400] {override.py:1911} INFO - Created Permission View: menu access on DAG Run:example_external_task_marker_child
[2026-07-13T16:12:07.483-0400] {logging_mixin.py:190} INFO - [2026-07-13T16:12:07.483-0400] {dag.py:3239} INFO - Sync 2 DAGs
[2026-07-13T16:12:07.492-0400] {logging_mixin.py:190} INFO - [2026-07-13T16:12:07.492-0400] {dag.py:3262} INFO - Creating ORM DAG for example_external_task_marker_parent
[2026-07-13T16:12:07.493-0400] {logging_mixin.py:190} INFO - [2026-07-13T16:12:07.493-0400] {dag.py:3262} INFO - Creating ORM DAG for example_external_task_marker_child
[2026-07-13T16:12:07.493-0400] {logging_mixin.py:190} INFO - [2026-07-13T16:12:07.493-0400] {dag.py:4180} INFO - Setting next_dagrun for example_external_task_marker_child to None, run_after=None
[2026-07-13T16:12:07.493-0400] {logging_mixin.py:190} INFO - [2026-07-13T16:12:07.493-0400] {dag.py:4180} INFO - Setting next_dagrun for example_external_task_marker_parent to None, run_after=None
[2026-07-13T16:12:07.504-0400] {processor.py:208} INFO - Processing /Users/anitharaj/retail-data-engineering-platform/venv/lib/python3.9/site-packages/airflow/example_dags/example_external_task_marker_dag.py took 0.673 seconds
