[2026-07-13T16:11:19.175-0400] {processor.py:186} INFO - Started process (PID=60113) to work on /Users/anitharaj/retail-data-engineering-platform/venv/lib/python3.9/site-packages/airflow/example_dags/example_subdag_operator.py
[2026-07-13T16:11:19.177-0400] {processor.py:914} INFO - Processing file /Users/anitharaj/retail-data-engineering-platform/venv/lib/python3.9/site-packages/airflow/example_dags/example_subdag_operator.py for tasks to queue
[2026-07-13T16:11:19.178-0400] {logging_mixin.py:190} INFO - [2026-07-13T16:11:19.178-0400] {dagbag.py:588} INFO - Filling up the DagBag from /Users/anitharaj/retail-data-engineering-platform/venv/lib/python3.9/site-packages/airflow/example_dags/example_subdag_operator.py
[2026-07-13T16:11:19.251-0400] {processor.py:925} INFO - DAG(s) 'example_subdag_operator.section-1', 'example_subdag_operator.section-2', 'example_subdag_operator' retrieved from /Users/anitharaj/retail-data-engineering-platform/venv/lib/python3.9/site-packages/airflow/example_dags/example_subdag_operator.py
[2026-07-13T16:11:19.723-0400] {logging_mixin.py:190} INFO - [2026-07-13T16:11:19.723-0400] {override.py:1911} INFO - Created Permission View: can edit on DAG:example_subdag_operator
[2026-07-13T16:11:19.728-0400] {logging_mixin.py:190} INFO - [2026-07-13T16:11:19.727-0400] {override.py:1911} INFO - Created Permission View: can read on DAG:example_subdag_operator
[2026-07-13T16:11:19.731-0400] {logging_mixin.py:190} INFO - [2026-07-13T16:11:19.731-0400] {override.py:1911} INFO - Created Permission View: can delete on DAG:example_subdag_operator
[2026-07-13T16:11:19.735-0400] {logging_mixin.py:190} INFO - [2026-07-13T16:11:19.735-0400] {override.py:1911} INFO - Created Permission View: menu access on DAG Run:example_subdag_operator
[2026-07-13T16:11:19.738-0400] {logging_mixin.py:190} INFO - [2026-07-13T16:11:19.738-0400] {override.py:1911} INFO - Created Permission View: can delete on DAG Run:example_subdag_operator
[2026-07-13T16:11:19.741-0400] {logging_mixin.py:190} INFO - [2026-07-13T16:11:19.740-0400] {override.py:1911} INFO - Created Permission View: can read on DAG Run:example_subdag_operator
[2026-07-13T16:11:19.743-0400] {logging_mixin.py:190} INFO - [2026-07-13T16:11:19.743-0400] {override.py:1911} INFO - Created Permission View: can create on DAG Run:example_subdag_operator
[2026-07-13T16:11:19.744-0400] {logging_mixin.py:190} INFO - [2026-07-13T16:11:19.743-0400] {dag.py:3239} INFO - Sync 3 DAGs
[2026-07-13T16:11:19.751-0400] {logging_mixin.py:190} INFO - [2026-07-13T16:11:19.751-0400] {dag.py:3262} INFO - Creating ORM DAG for example_subdag_operator.section-2
[2026-07-13T16:11:19.751-0400] {logging_mixin.py:190} INFO - [2026-07-13T16:11:19.751-0400] {dag.py:3262} INFO - Creating ORM DAG for example_subdag_operator.section-1
[2026-07-13T16:11:19.752-0400] {logging_mixin.py:190} INFO - [2026-07-13T16:11:19.752-0400] {dag.py:3262} INFO - Creating ORM DAG for example_subdag_operator
[2026-07-13T16:11:19.756-0400] {logging_mixin.py:190} INFO - [2026-07-13T16:11:19.756-0400] {dag.py:4180} INFO - Setting next_dagrun for example_subdag_operator to 2022-01-01 00:00:00+00:00, run_after=2022-01-01 00:00:00+00:00
[2026-07-13T16:11:19.756-0400] {logging_mixin.py:190} INFO - [2026-07-13T16:11:19.756-0400] {dag.py:4180} INFO - Setting next_dagrun for example_subdag_operator.section-1 to None, run_after=None
[2026-07-13T16:11:19.756-0400] {logging_mixin.py:190} INFO - [2026-07-13T16:11:19.756-0400] {dag.py:4180} INFO - Setting next_dagrun for example_subdag_operator.section-2 to None, run_after=None
[2026-07-13T16:11:19.760-0400] {logging_mixin.py:190} INFO - [2026-07-13T16:11:19.760-0400] {dag.py:3239} INFO - Sync 2 DAGs
[2026-07-13T16:11:19.762-0400] {logging_mixin.py:190} INFO - [2026-07-13T16:11:19.762-0400] {dag.py:4180} INFO - Setting next_dagrun for example_subdag_operator.section-1 to None, run_after=None
[2026-07-13T16:11:19.764-0400] {logging_mixin.py:190} INFO - [2026-07-13T16:11:19.764-0400] {dag.py:4180} INFO - Setting next_dagrun for example_subdag_operator.section-2 to None, run_after=None
[2026-07-13T16:11:19.770-0400] {processor.py:208} INFO - Processing /Users/anitharaj/retail-data-engineering-platform/venv/lib/python3.9/site-packages/airflow/example_dags/example_subdag_operator.py took 0.598 seconds
