[2026-07-13T16:11:52.256-0400] {processor.py:186} INFO - Started process (PID=61618) to work on /Users/anitharaj/retail-data-engineering-platform/venv/lib/python3.9/site-packages/airflow/example_dags/example_outlet_event_extra.py
[2026-07-13T16:11:52.259-0400] {processor.py:914} INFO - Processing file /Users/anitharaj/retail-data-engineering-platform/venv/lib/python3.9/site-packages/airflow/example_dags/example_outlet_event_extra.py for tasks to queue
[2026-07-13T16:11:52.260-0400] {logging_mixin.py:190} INFO - [2026-07-13T16:11:52.260-0400] {dagbag.py:588} INFO - Filling up the DagBag from /Users/anitharaj/retail-data-engineering-platform/venv/lib/python3.9/site-packages/airflow/example_dags/example_outlet_event_extra.py
[2026-07-13T16:11:52.338-0400] {processor.py:925} INFO - DAG(s) 'dataset_with_extra_from_classic_operator', 'dataset_with_extra_by_context', 'dataset_with_extra_by_yield' retrieved from /Users/anitharaj/retail-data-engineering-platform/venv/lib/python3.9/site-packages/airflow/example_dags/example_outlet_event_extra.py
[2026-07-13T16:11:52.457-0400] {logging_mixin.py:190} INFO - [2026-07-13T16:11:52.456-0400] {override.py:1911} INFO - Created Permission View: can read on DAG:dataset_with_extra_from_classic_operator
[2026-07-13T16:11:52.461-0400] {logging_mixin.py:190} INFO - [2026-07-13T16:11:52.461-0400] {override.py:1911} INFO - Created Permission View: can edit on DAG:dataset_with_extra_from_classic_operator
[2026-07-13T16:11:52.464-0400] {logging_mixin.py:190} INFO - [2026-07-13T16:11:52.464-0400] {override.py:1911} INFO - Created Permission View: can delete on DAG:dataset_with_extra_from_classic_operator
[2026-07-13T16:11:52.468-0400] {logging_mixin.py:190} INFO - [2026-07-13T16:11:52.468-0400] {override.py:1911} INFO - Created Permission View: can create on DAG Run:dataset_with_extra_from_classic_operator
[2026-07-13T16:11:52.471-0400] {logging_mixin.py:190} INFO - [2026-07-13T16:11:52.471-0400] {override.py:1911} INFO - Created Permission View: menu access on DAG Run:dataset_with_extra_from_classic_operator
[2026-07-13T16:11:52.474-0400] {logging_mixin.py:190} INFO - [2026-07-13T16:11:52.474-0400] {override.py:1911} INFO - Created Permission View: can read on DAG Run:dataset_with_extra_from_classic_operator
[2026-07-13T16:11:52.477-0400] {logging_mixin.py:190} INFO - [2026-07-13T16:11:52.477-0400] {override.py:1911} INFO - Created Permission View: can delete on DAG Run:dataset_with_extra_from_classic_operator
[2026-07-13T16:11:52.484-0400] {logging_mixin.py:190} INFO - [2026-07-13T16:11:52.484-0400] {override.py:1911} INFO - Created Permission View: can read on DAG:dataset_with_extra_by_context
[2026-07-13T16:11:52.487-0400] {logging_mixin.py:190} INFO - [2026-07-13T16:11:52.487-0400] {override.py:1911} INFO - Created Permission View: can edit on DAG:dataset_with_extra_by_context
[2026-07-13T16:11:52.490-0400] {logging_mixin.py:190} INFO - [2026-07-13T16:11:52.490-0400] {override.py:1911} INFO - Created Permission View: can delete on DAG:dataset_with_extra_by_context
[2026-07-13T16:11:52.493-0400] {logging_mixin.py:190} INFO - [2026-07-13T16:11:52.493-0400] {override.py:1911} INFO - Created Permission View: can create on DAG Run:dataset_with_extra_by_context
[2026-07-13T16:11:52.496-0400] {logging_mixin.py:190} INFO - [2026-07-13T16:11:52.496-0400] {override.py:1911} INFO - Created Permission View: menu access on DAG Run:dataset_with_extra_by_context
[2026-07-13T16:11:52.499-0400] {logging_mixin.py:190} INFO - [2026-07-13T16:11:52.498-0400] {override.py:1911} INFO - Created Permission View: can read on DAG Run:dataset_with_extra_by_context
[2026-07-13T16:11:52.502-0400] {logging_mixin.py:190} INFO - [2026-07-13T16:11:52.502-0400] {override.py:1911} INFO - Created Permission View: can delete on DAG Run:dataset_with_extra_by_context
[2026-07-13T16:11:52.508-0400] {logging_mixin.py:190} INFO - [2026-07-13T16:11:52.508-0400] {override.py:1911} INFO - Created Permission View: can read on DAG:dataset_with_extra_by_yield
[2026-07-13T16:11:52.511-0400] {logging_mixin.py:190} INFO - [2026-07-13T16:11:52.511-0400] {override.py:1911} INFO - Created Permission View: can edit on DAG:dataset_with_extra_by_yield
[2026-07-13T16:11:52.514-0400] {logging_mixin.py:190} INFO - [2026-07-13T16:11:52.514-0400] {override.py:1911} INFO - Created Permission View: can delete on DAG:dataset_with_extra_by_yield
[2026-07-13T16:11:52.518-0400] {logging_mixin.py:190} INFO - [2026-07-13T16:11:52.517-0400] {override.py:1911} INFO - Created Permission View: can create on DAG Run:dataset_with_extra_by_yield
[2026-07-13T16:11:52.520-0400] {logging_mixin.py:190} INFO - [2026-07-13T16:11:52.520-0400] {override.py:1911} INFO - Created Permission View: menu access on DAG Run:dataset_with_extra_by_yield
[2026-07-13T16:11:52.523-0400] {logging_mixin.py:190} INFO - [2026-07-13T16:11:52.523-0400] {override.py:1911} INFO - Created Permission View: can read on DAG Run:dataset_with_extra_by_yield
[2026-07-13T16:11:52.526-0400] {logging_mixin.py:190} INFO - [2026-07-13T16:11:52.526-0400] {override.py:1911} INFO - Created Permission View: can delete on DAG Run:dataset_with_extra_by_yield
[2026-07-13T16:11:52.526-0400] {logging_mixin.py:190} INFO - [2026-07-13T16:11:52.526-0400] {dag.py:3239} INFO - Sync 3 DAGs
[2026-07-13T16:11:52.534-0400] {logging_mixin.py:190} INFO - [2026-07-13T16:11:52.534-0400] {dag.py:3262} INFO - Creating ORM DAG for dataset_with_extra_from_classic_operator
[2026-07-13T16:11:52.534-0400] {logging_mixin.py:190} INFO - [2026-07-13T16:11:52.534-0400] {dag.py:3262} INFO - Creating ORM DAG for dataset_with_extra_by_context
[2026-07-13T16:11:52.535-0400] {logging_mixin.py:190} INFO - [2026-07-13T16:11:52.534-0400] {dag.py:3262} INFO - Creating ORM DAG for dataset_with_extra_by_yield
[2026-07-13T16:11:52.540-0400] {logging_mixin.py:190} INFO - [2026-07-13T16:11:52.540-0400] {dag.py:4180} INFO - Setting next_dagrun for dataset_with_extra_by_context to 2026-07-12 00:00:00+00:00, run_after=2026-07-13 00:00:00+00:00
[2026-07-13T16:11:52.541-0400] {logging_mixin.py:190} INFO - [2026-07-13T16:11:52.541-0400] {dag.py:4180} INFO - Setting next_dagrun for dataset_with_extra_by_yield to 2026-07-12 00:00:00+00:00, run_after=2026-07-13 00:00:00+00:00
[2026-07-13T16:11:52.542-0400] {logging_mixin.py:190} INFO - [2026-07-13T16:11:52.542-0400] {dag.py:4180} INFO - Setting next_dagrun for dataset_with_extra_from_classic_operator to 2026-07-12 00:00:00+00:00, run_after=2026-07-13 00:00:00+00:00
[2026-07-13T16:11:52.988-0400] {processor.py:208} INFO - Processing /Users/anitharaj/retail-data-engineering-platform/venv/lib/python3.9/site-packages/airflow/example_dags/example_outlet_event_extra.py took 0.734 seconds
