[2026-07-13T16:12:04.290-0400] {processor.py:186} INFO - Started process (PID=62209) to work on /Users/anitharaj/retail-data-engineering-platform/venv/lib/python3.9/site-packages/airflow/example_dags/example_inlet_event_extra.py
[2026-07-13T16:12:04.293-0400] {processor.py:914} INFO - Processing file /Users/anitharaj/retail-data-engineering-platform/venv/lib/python3.9/site-packages/airflow/example_dags/example_inlet_event_extra.py for tasks to queue
[2026-07-13T16:12:04.294-0400] {logging_mixin.py:190} INFO - [2026-07-13T16:12:04.294-0400] {dagbag.py:588} INFO - Filling up the DagBag from /Users/anitharaj/retail-data-engineering-platform/venv/lib/python3.9/site-packages/airflow/example_dags/example_inlet_event_extra.py
[2026-07-13T16:12:04.375-0400] {processor.py:925} INFO - DAG(s) 'read_dataset_event_from_classic', 'read_dataset_event' retrieved from /Users/anitharaj/retail-data-engineering-platform/venv/lib/python3.9/site-packages/airflow/example_dags/example_inlet_event_extra.py
[2026-07-13T16:12:04.500-0400] {logging_mixin.py:190} INFO - [2026-07-13T16:12:04.500-0400] {override.py:1911} INFO - Created Permission View: can delete on DAG:read_dataset_event_from_classic
[2026-07-13T16:12:04.505-0400] {logging_mixin.py:190} INFO - [2026-07-13T16:12:04.505-0400] {override.py:1911} INFO - Created Permission View: can edit on DAG:read_dataset_event_from_classic
[2026-07-13T16:12:04.508-0400] {logging_mixin.py:190} INFO - [2026-07-13T16:12:04.508-0400] {override.py:1911} INFO - Created Permission View: can read on DAG:read_dataset_event_from_classic
[2026-07-13T16:12:04.512-0400] {logging_mixin.py:190} INFO - [2026-07-13T16:12:04.512-0400] {override.py:1911} INFO - Created Permission View: can delete on DAG Run:read_dataset_event_from_classic
[2026-07-13T16:12:04.515-0400] {logging_mixin.py:190} INFO - [2026-07-13T16:12:04.515-0400] {override.py:1911} INFO - Created Permission View: menu access on DAG Run:read_dataset_event_from_classic
[2026-07-13T16:12:04.518-0400] {logging_mixin.py:190} INFO - [2026-07-13T16:12:04.518-0400] {override.py:1911} INFO - Created Permission View: can create on DAG Run:read_dataset_event_from_classic
[2026-07-13T16:12:04.521-0400] {logging_mixin.py:190} INFO - [2026-07-13T16:12:04.521-0400] {override.py:1911} INFO - Created Permission View: can read on DAG Run:read_dataset_event_from_classic
[2026-07-13T16:12:04.529-0400] {logging_mixin.py:190} INFO - [2026-07-13T16:12:04.528-0400] {override.py:1911} INFO - Created Permission View: can delete on DAG:read_dataset_event
[2026-07-13T16:12:04.532-0400] {logging_mixin.py:190} INFO - [2026-07-13T16:12:04.531-0400] {override.py:1911} INFO - Created Permission View: can edit on DAG:read_dataset_event
[2026-07-13T16:12:04.535-0400] {logging_mixin.py:190} INFO - [2026-07-13T16:12:04.535-0400] {override.py:1911} INFO - Created Permission View: can read on DAG:read_dataset_event
[2026-07-13T16:12:04.539-0400] {logging_mixin.py:190} INFO - [2026-07-13T16:12:04.539-0400] {override.py:1911} INFO - Created Permission View: can delete on DAG Run:read_dataset_event
[2026-07-13T16:12:04.542-0400] {logging_mixin.py:190} INFO - [2026-07-13T16:12:04.542-0400] {override.py:1911} INFO - Created Permission View: menu access on DAG Run:read_dataset_event
[2026-07-13T16:12:04.545-0400] {logging_mixin.py:190} INFO - [2026-07-13T16:12:04.545-0400] {override.py:1911} INFO - Created Permission View: can create on DAG Run:read_dataset_event
[2026-07-13T16:12:04.548-0400] {logging_mixin.py:190} INFO - [2026-07-13T16:12:04.548-0400] {override.py:1911} INFO - Created Permission View: can read on DAG Run:read_dataset_event
[2026-07-13T16:12:04.548-0400] {logging_mixin.py:190} INFO - [2026-07-13T16:12:04.548-0400] {dag.py:3239} INFO - Sync 2 DAGs
[2026-07-13T16:12:04.556-0400] {logging_mixin.py:190} INFO - [2026-07-13T16:12:04.556-0400] {dag.py:3262} INFO - Creating ORM DAG for read_dataset_event_from_classic
[2026-07-13T16:12:04.557-0400] {logging_mixin.py:190} INFO - [2026-07-13T16:12:04.557-0400] {dag.py:3262} INFO - Creating ORM DAG for read_dataset_event
[2026-07-13T16:12:04.562-0400] {logging_mixin.py:190} INFO - [2026-07-13T16:12:04.562-0400] {dag.py:4180} INFO - Setting next_dagrun for read_dataset_event to 2026-07-12 00:00:00+00:00, run_after=2026-07-13 00:00:00+00:00
[2026-07-13T16:12:04.563-0400] {logging_mixin.py:190} INFO - [2026-07-13T16:12:04.563-0400] {dag.py:4180} INFO - Setting next_dagrun for read_dataset_event_from_classic to 2026-07-12 00:00:00+00:00, run_after=2026-07-13 00:00:00+00:00
[2026-07-13T16:12:04.573-0400] {processor.py:208} INFO - Processing /Users/anitharaj/retail-data-engineering-platform/venv/lib/python3.9/site-packages/airflow/example_dags/example_inlet_event_extra.py took 0.284 seconds
