[2026-07-13T17:09:34.904-0400] {local_task_job_runner.py:123} INFO - ::group::Pre task execution logs
[2026-07-13T17:09:34.910-0400] {taskinstance.py:2613} INFO - Dependencies all met for dep_context=non-requeueable deps ti=<TaskInstance: retail_data_pipeline.generate_sales_data manual__2026-07-13T21:09:32.809270+00:00 [queued]>
[2026-07-13T17:09:34.913-0400] {taskinstance.py:2613} INFO - Dependencies all met for dep_context=requeueable deps ti=<TaskInstance: retail_data_pipeline.generate_sales_data manual__2026-07-13T21:09:32.809270+00:00 [queued]>
[2026-07-13T17:09:34.913-0400] {taskinstance.py:2866} INFO - Starting attempt 1 of 1
[2026-07-13T17:09:34.920-0400] {taskinstance.py:2889} INFO - Executing <Task(BashOperator): generate_sales_data> on 2026-07-13 21:09:32.809270+00:00
[2026-07-13T17:09:34.923-0400] {standard_task_runner.py:72} INFO - Started process 83912 to run task
[2026-07-13T17:09:34.927-0400] {standard_task_runner.py:104} INFO - Running: ['airflow', 'tasks', 'run', 'retail_data_pipeline', 'generate_sales_data', 'manual__2026-07-13T21:09:32.809270+00:00', '--job-id', '12', '--raw', '--subdir', 'DAGS_FOLDER/retail_data_pipeline.py', '--cfg-path', '/var/folders/b6/0hr2lwsd3nsdd5yd4q8hlhrw0000gn/T/tmpq0kv4dhv']
[2026-07-13T17:09:34.929-0400] {standard_task_runner.py:105} INFO - Job 12: Subtask generate_sales_data
[2026-07-13T17:09:34.950-0400] {task_command.py:467} INFO - Running <TaskInstance: retail_data_pipeline.generate_sales_data manual__2026-07-13T21:09:32.809270+00:00 [running]> on host anithas-macbook-air.local
[2026-07-13T17:09:34.983-0400] {taskinstance.py:3132} INFO - Exporting env vars: AIRFLOW_CTX_DAG_OWNER='anitha' AIRFLOW_CTX_DAG_ID='retail_data_pipeline' AIRFLOW_CTX_TASK_ID='generate_sales_data' AIRFLOW_CTX_EXECUTION_DATE='2026-07-13T21:09:32.809270+00:00' AIRFLOW_CTX_TRY_NUMBER='1' AIRFLOW_CTX_DAG_RUN_ID='manual__2026-07-13T21:09:32.809270+00:00'
[2026-07-13T17:09:34.983-0400] {taskinstance.py:731} INFO - ::endgroup::
[2026-07-13T17:09:34.994-0400] {subprocess.py:78} INFO - Tmp dir root location: /var/folders/b6/0hr2lwsd3nsdd5yd4q8hlhrw0000gn/T
[2026-07-13T17:09:34.995-0400] {subprocess.py:88} INFO - Running command: ['/bin/bash', '-c', '\n        cd /Users/anitharaj/retail-data-engineering-platform &&\n        python src/data_generator.py\n        ']
[2026-07-13T17:09:34.999-0400] {subprocess.py:99} INFO - Output:
[2026-07-13T17:09:35.178-0400] {subprocess.py:106} INFO - Generated 1000 retail transactions
[2026-07-13T17:09:35.187-0400] {subprocess.py:110} INFO - Command exited with return code 0
[2026-07-13T17:09:35.197-0400] {taskinstance.py:340} INFO - ::group::Post task execution logs
[2026-07-13T17:09:35.198-0400] {taskinstance.py:352} INFO - Marking task as SUCCESS. dag_id=retail_data_pipeline, task_id=generate_sales_data, run_id=manual__2026-07-13T21:09:32.809270+00:00, execution_date=20260713T210932, start_date=20260713T210934, end_date=20260713T210935
[2026-07-13T17:09:35.227-0400] {local_task_job_runner.py:266} INFO - Task exited with return code 0
[2026-07-13T17:09:35.236-0400] {taskinstance.py:3895} INFO - 1 downstream tasks scheduled from follow-on schedule check
[2026-07-13T17:09:35.237-0400] {local_task_job_runner.py:245} INFO - ::endgroup::
