[2026-07-13T17:02:51.564-0400] {local_task_job_runner.py:123} INFO - ::group::Pre task execution logs
[2026-07-13T17:02:51.571-0400] {taskinstance.py:2613} INFO - Dependencies all met for dep_context=non-requeueable deps ti=<TaskInstance: retail_data_pipeline.spark_transformation manual__2026-07-13T21:02:47.374188+00:00 [queued]>
[2026-07-13T17:02:51.574-0400] {taskinstance.py:2613} INFO - Dependencies all met for dep_context=requeueable deps ti=<TaskInstance: retail_data_pipeline.spark_transformation manual__2026-07-13T21:02:47.374188+00:00 [queued]>
[2026-07-13T17:02:51.575-0400] {taskinstance.py:2866} INFO - Starting attempt 1 of 1
[2026-07-13T17:02:51.581-0400] {taskinstance.py:2889} INFO - Executing <Task(BashOperator): spark_transformation> on 2026-07-13 21:02:47.374188+00:00
[2026-07-13T17:02:51.584-0400] {standard_task_runner.py:72} INFO - Started process 83518 to run task
[2026-07-13T17:02:51.587-0400] {standard_task_runner.py:104} INFO - Running: ['airflow', 'tasks', 'run', 'retail_data_pipeline', 'spark_transformation', 'manual__2026-07-13T21:02:47.374188+00:00', '--job-id', '7', '--raw', '--subdir', 'DAGS_FOLDER/retail_data_pipeline.py', '--cfg-path', '/var/folders/b6/0hr2lwsd3nsdd5yd4q8hlhrw0000gn/T/tmpudm8hhob']
[2026-07-13T17:02:51.589-0400] {standard_task_runner.py:105} INFO - Job 7: Subtask spark_transformation
[2026-07-13T17:02:51.609-0400] {task_command.py:467} INFO - Running <TaskInstance: retail_data_pipeline.spark_transformation manual__2026-07-13T21:02:47.374188+00:00 [running]> on host anithas-macbook-air.local
[2026-07-13T17:02:51.641-0400] {taskinstance.py:3132} INFO - Exporting env vars: AIRFLOW_CTX_DAG_OWNER='anitha' AIRFLOW_CTX_DAG_ID='retail_data_pipeline' AIRFLOW_CTX_TASK_ID='spark_transformation' AIRFLOW_CTX_EXECUTION_DATE='2026-07-13T21:02:47.374188+00:00' AIRFLOW_CTX_TRY_NUMBER='1' AIRFLOW_CTX_DAG_RUN_ID='manual__2026-07-13T21:02:47.374188+00:00'
[2026-07-13T17:02:51.641-0400] {taskinstance.py:731} INFO - ::endgroup::
[2026-07-13T17:02:51.651-0400] {subprocess.py:78} INFO - Tmp dir root location: /var/folders/b6/0hr2lwsd3nsdd5yd4q8hlhrw0000gn/T
[2026-07-13T17:02:51.651-0400] {subprocess.py:88} INFO - Running command: ['/bin/bash', '-c', '\n        cd /Users/anitharaj/retail-data-engineering-platform &&\n        python src/transformation/spark_streaming.py\n        ']
[2026-07-13T17:02:51.655-0400] {subprocess.py:99} INFO - Output:
[2026-07-13T17:02:52.073-0400] {subprocess.py:106} INFO - WARNING: Using incubator modules: jdk.incubator.vector
[2026-07-13T17:02:52.660-0400] {subprocess.py:106} INFO - Using Spark's default log4j profile: org/apache/spark/log4j2-defaults.properties
[2026-07-13T17:02:52.667-0400] {subprocess.py:106} INFO - 26/07/13 17:02:52 WARN Utils: Your hostname, Anithas-MacBook-Air.local, resolves to a loopback address: 127.0.0.1; using 192.168.12.71 instead (on interface en0)
[2026-07-13T17:02:52.669-0400] {subprocess.py:106} INFO - 26/07/13 17:02:52 WARN Utils: Set SPARK_LOCAL_IP if you need to bind to another address
[2026-07-13T17:02:52.789-0400] {subprocess.py:106} INFO - :: loading settings :: url = jar:file:/Users/anitharaj/retail-data-engineering-platform/venv/lib/python3.9/site-packages/pyspark/jars/ivy-2.5.3.jar!/org/apache/ivy/core/settings/ivysettings.xml
[2026-07-13T17:02:52.827-0400] {subprocess.py:106} INFO - Ivy Default Cache set to: /Users/anitharaj/.ivy2.5.2/cache
[2026-07-13T17:02:52.827-0400] {subprocess.py:106} INFO - The jars for the packages stored in: /Users/anitharaj/.ivy2.5.2/jars
[2026-07-13T17:02:52.829-0400] {subprocess.py:106} INFO - org.apache.spark#spark-sql-kafka-0-10_2.13 added as a dependency
[2026-07-13T17:02:52.829-0400] {subprocess.py:106} INFO - :: resolving dependencies :: org.apache.spark#spark-submit-parent-b15e6128-e23e-48b2-8b7f-32a5dad981d0;1.0
[2026-07-13T17:02:52.830-0400] {subprocess.py:106} INFO - 	confs: [default]
[2026-07-13T17:02:52.923-0400] {subprocess.py:106} INFO - 	found org.apache.spark#spark-sql-kafka-0-10_2.13;4.0.0 in central
[2026-07-13T17:02:52.960-0400] {subprocess.py:106} INFO - 	found org.apache.spark#spark-token-provider-kafka-0-10_2.13;4.0.0 in central
[2026-07-13T17:02:52.977-0400] {subprocess.py:106} INFO - 	found org.apache.kafka#kafka-clients;3.9.0 in central
[2026-07-13T17:02:52.991-0400] {subprocess.py:106} INFO - 	found org.lz4#lz4-java;1.8.0 in central
[2026-07-13T17:02:53.003-0400] {subprocess.py:106} INFO - 	found org.xerial.snappy#snappy-java;1.1.10.7 in central
[2026-07-13T17:02:53.013-0400] {subprocess.py:106} INFO - 	found org.slf4j#slf4j-api;2.0.16 in central
[2026-07-13T17:02:53.027-0400] {subprocess.py:106} INFO - 	found org.apache.hadoop#hadoop-client-runtime;3.4.1 in central
[2026-07-13T17:02:53.047-0400] {subprocess.py:106} INFO - 	found org.apache.hadoop#hadoop-client-api;3.4.1 in central
[2026-07-13T17:02:53.062-0400] {subprocess.py:106} INFO - 	found com.google.code.findbugs#jsr305;3.0.0 in central
[2026-07-13T17:02:53.069-0400] {subprocess.py:106} INFO - 	found org.scala-lang.modules#scala-parallel-collections_2.13;1.2.0 in central
[2026-07-13T17:02:53.078-0400] {subprocess.py:106} INFO - 	found org.apache.commons#commons-pool2;2.12.0 in central
[2026-07-13T17:02:53.090-0400] {subprocess.py:106} INFO - :: resolution report :: resolve 255ms :: artifacts dl 6ms
[2026-07-13T17:02:53.091-0400] {subprocess.py:106} INFO - 	:: modules in use:
[2026-07-13T17:02:53.091-0400] {subprocess.py:106} INFO - 	com.google.code.findbugs#jsr305;3.0.0 from central in [default]
[2026-07-13T17:02:53.091-0400] {subprocess.py:106} INFO - 	org.apache.commons#commons-pool2;2.12.0 from central in [default]
[2026-07-13T17:02:53.092-0400] {subprocess.py:106} INFO - 	org.apache.hadoop#hadoop-client-api;3.4.1 from central in [default]
[2026-07-13T17:02:53.092-0400] {subprocess.py:106} INFO - 	org.apache.hadoop#hadoop-client-runtime;3.4.1 from central in [default]
[2026-07-13T17:02:53.092-0400] {subprocess.py:106} INFO - 	org.apache.kafka#kafka-clients;3.9.0 from central in [default]
[2026-07-13T17:02:53.093-0400] {subprocess.py:106} INFO - 	org.apache.spark#spark-sql-kafka-0-10_2.13;4.0.0 from central in [default]
[2026-07-13T17:02:53.093-0400] {subprocess.py:106} INFO - 	org.apache.spark#spark-token-provider-kafka-0-10_2.13;4.0.0 from central in [default]
[2026-07-13T17:02:53.093-0400] {subprocess.py:106} INFO - 	org.lz4#lz4-java;1.8.0 from central in [default]
[2026-07-13T17:02:53.093-0400] {subprocess.py:106} INFO - 	org.scala-lang.modules#scala-parallel-collections_2.13;1.2.0 from central in [default]
[2026-07-13T17:02:53.094-0400] {subprocess.py:106} INFO - 	org.slf4j#slf4j-api;2.0.16 from central in [default]
[2026-07-13T17:02:53.094-0400] {subprocess.py:106} INFO - 	org.xerial.snappy#snappy-java;1.1.10.7 from central in [default]
[2026-07-13T17:02:53.094-0400] {subprocess.py:106} INFO - 	---------------------------------------------------------------------
[2026-07-13T17:02:53.095-0400] {subprocess.py:106} INFO - 	|                  |            modules            ||   artifacts   |
[2026-07-13T17:02:53.095-0400] {subprocess.py:106} INFO - 	|       conf       | number| search|dwnlded|evicted|| number|dwnlded|
[2026-07-13T17:02:53.095-0400] {subprocess.py:106} INFO - 	---------------------------------------------------------------------
[2026-07-13T17:02:53.095-0400] {subprocess.py:106} INFO - 	|      default     |   11  |   0   |   0   |   0   ||   11  |   0   |
[2026-07-13T17:02:53.096-0400] {subprocess.py:106} INFO - 	---------------------------------------------------------------------
[2026-07-13T17:02:53.096-0400] {subprocess.py:106} INFO - :: retrieving :: org.apache.spark#spark-submit-parent-b15e6128-e23e-48b2-8b7f-32a5dad981d0
[2026-07-13T17:02:53.096-0400] {subprocess.py:106} INFO - 	confs: [default]
[2026-07-13T17:02:53.099-0400] {subprocess.py:106} INFO - 	0 artifacts copied, 11 already retrieved (0kB/5ms)
[2026-07-13T17:02:53.234-0400] {subprocess.py:106} INFO - 26/07/13 17:02:53 WARN NativeCodeLoader: Unable to load native-hadoop library for your platform... using builtin-java classes where applicable
[2026-07-13T17:02:53.344-0400] {subprocess.py:106} INFO - Using Spark's default log4j profile: org/apache/spark/log4j2-defaults.properties
[2026-07-13T17:02:53.345-0400] {subprocess.py:106} INFO - Setting default log level to "WARN".
[2026-07-13T17:02:53.345-0400] {subprocess.py:106} INFO - To adjust logging level use sc.setLogLevel(newLevel). For SparkR, use setLogLevel(newLevel).
[2026-07-13T17:02:57.930-0400] {subprocess.py:106} INFO - Traceback (most recent call last):
[2026-07-13T17:02:57.931-0400] {subprocess.py:106} INFO -   File "/Users/anitharaj/retail-data-engineering-platform/src/transformation/spark_streaming.py", line 133, in <module>
[2026-07-13T17:02:57.931-0400] {subprocess.py:106} INFO -     query = processed_df.writeStream \
[2026-07-13T17:02:57.931-0400] {subprocess.py:106} INFO -   File "/Users/anitharaj/retail-data-engineering-platform/venv/lib/python3.9/site-packages/pyspark/sql/streaming/readwriter.py", line 1704, in start
[2026-07-13T17:02:57.932-0400] {subprocess.py:106} INFO -     return self._sq(self._jwrite.start())
[2026-07-13T17:02:57.932-0400] {subprocess.py:106} INFO -   File "/Users/anitharaj/retail-data-engineering-platform/venv/lib/python3.9/site-packages/py4j/java_gateway.py", line 1362, in __call__
[2026-07-13T17:02:57.932-0400] {subprocess.py:106} INFO -     return_value = get_return_value(
[2026-07-13T17:02:57.933-0400] {subprocess.py:106} INFO -   File "/Users/anitharaj/retail-data-engineering-platform/venv/lib/python3.9/site-packages/pyspark/errors/exceptions/captured.py", line 282, in deco
[2026-07-13T17:02:57.933-0400] {subprocess.py:106} INFO -     return f(*a, **kw)
[2026-07-13T17:02:57.933-0400] {subprocess.py:106} INFO -   File "/Users/anitharaj/retail-data-engineering-platform/venv/lib/python3.9/site-packages/py4j/protocol.py", line 327, in get_return_value
[2026-07-13T17:02:57.933-0400] {subprocess.py:106} INFO -     raise Py4JJavaError(
[2026-07-13T17:02:57.934-0400] {subprocess.py:106} INFO - py4j.protocol.Py4JJavaError: An error occurred while calling o84.start.
[2026-07-13T17:02:57.934-0400] {subprocess.py:106} INFO - : java.io.IOException: mkdir of file:/Users/data/processed/transactions/_spark_metadata failed
[2026-07-13T17:02:57.934-0400] {subprocess.py:106} INFO - 	at org.apache.hadoop.fs.FileSystem.primitiveMkdir(FileSystem.java:1413)
[2026-07-13T17:02:57.935-0400] {subprocess.py:106} INFO - 	at org.apache.hadoop.fs.DelegateToFileSystem.mkdir(DelegateToFileSystem.java:190)
[2026-07-13T17:02:57.935-0400] {subprocess.py:106} INFO - 	at org.apache.hadoop.fs.FilterFs.mkdir(FilterFs.java:219)
[2026-07-13T17:02:57.935-0400] {subprocess.py:106} INFO - 	at org.apache.hadoop.fs.FileContext$4.next(FileContext.java:812)
[2026-07-13T17:02:57.935-0400] {subprocess.py:106} INFO - 	at org.apache.hadoop.fs.FileContext$4.next(FileContext.java:808)
[2026-07-13T17:02:57.936-0400] {subprocess.py:106} INFO - 	at org.apache.hadoop.fs.FSLinkResolver.resolve(FSLinkResolver.java:90)
[2026-07-13T17:02:57.936-0400] {subprocess.py:106} INFO - 	at org.apache.hadoop.fs.FileContext.mkdir(FileContext.java:815)
[2026-07-13T17:02:57.936-0400] {subprocess.py:106} INFO - 	at org.apache.spark.sql.execution.streaming.AbstractFileContextBasedCheckpointFileManager.mkdirs(CheckpointFileManager.scala:323)
[2026-07-13T17:02:57.937-0400] {subprocess.py:106} INFO - 	at org.apache.spark.sql.execution.streaming.HDFSMetadataLog.<init>(HDFSMetadataLog.scala:70)
[2026-07-13T17:02:57.937-0400] {subprocess.py:106} INFO - 	at org.apache.spark.sql.execution.streaming.CompactibleFileStreamLog.<init>(CompactibleFileStreamLog.scala:49)
[2026-07-13T17:02:57.937-0400] {subprocess.py:106} INFO - 	at org.apache.spark.sql.execution.streaming.FileStreamSinkLog.<init>(FileStreamSinkLog.scala:91)
[2026-07-13T17:02:57.937-0400] {subprocess.py:106} INFO - 	at org.apache.spark.sql.execution.streaming.FileStreamSink.<init>(FileStreamSink.scala:144)
[2026-07-13T17:02:57.938-0400] {subprocess.py:106} INFO - 	at org.apache.spark.sql.execution.datasources.DataSource.createSink(DataSource.scala:337)
[2026-07-13T17:02:57.938-0400] {subprocess.py:106} INFO - 	at org.apache.spark.sql.classic.DataStreamWriter.createV1Sink(DataStreamWriter.scala:335)
[2026-07-13T17:02:57.938-0400] {subprocess.py:106} INFO - 	at org.apache.spark.sql.classic.DataStreamWriter.startInternal(DataStreamWriter.scala:288)
[2026-07-13T17:02:57.939-0400] {subprocess.py:106} INFO - 	at org.apache.spark.sql.classic.DataStreamWriter.start(DataStreamWriter.scala:136)
[2026-07-13T17:02:57.939-0400] {subprocess.py:106} INFO - 	at java.base/jdk.internal.reflect.NativeMethodAccessorImpl.invoke0(Native Method)
[2026-07-13T17:02:57.939-0400] {subprocess.py:106} INFO - 	at java.base/jdk.internal.reflect.NativeMethodAccessorImpl.invoke(NativeMethodAccessorImpl.java:77)
[2026-07-13T17:02:57.939-0400] {subprocess.py:106} INFO - 	at java.base/jdk.internal.reflect.DelegatingMethodAccessorImpl.invoke(DelegatingMethodAccessorImpl.java:43)
[2026-07-13T17:02:57.940-0400] {subprocess.py:106} INFO - 	at java.base/java.lang.reflect.Method.invoke(Method.java:569)
[2026-07-13T17:02:57.940-0400] {subprocess.py:106} INFO - 	at py4j.reflection.MethodInvoker.invoke(MethodInvoker.java:244)
[2026-07-13T17:02:57.940-0400] {subprocess.py:106} INFO - 	at py4j.reflection.ReflectionEngine.invoke(ReflectionEngine.java:374)
[2026-07-13T17:02:57.941-0400] {subprocess.py:106} INFO - 	at py4j.Gateway.invoke(Gateway.java:282)
[2026-07-13T17:02:57.941-0400] {subprocess.py:106} INFO - 	at py4j.commands.AbstractCommand.invokeMethod(AbstractCommand.java:132)
[2026-07-13T17:02:57.941-0400] {subprocess.py:106} INFO - 	at py4j.commands.CallCommand.execute(CallCommand.java:79)
[2026-07-13T17:02:57.942-0400] {subprocess.py:106} INFO - 	at py4j.ClientServerConnection.waitForCommands(ClientServerConnection.java:184)
[2026-07-13T17:02:57.942-0400] {subprocess.py:106} INFO - 	at py4j.ClientServerConnection.run(ClientServerConnection.java:108)
[2026-07-13T17:02:57.942-0400] {subprocess.py:106} INFO - 	at java.base/java.lang.Thread.run(Thread.java:840)
[2026-07-13T17:02:57.942-0400] {subprocess.py:106} INFO - 
[2026-07-13T17:02:58.479-0400] {subprocess.py:110} INFO - Command exited with return code 1
[2026-07-13T17:02:58.486-0400] {taskinstance.py:3311} ERROR - Task failed with exception
Traceback (most recent call last):
  File "/Users/anitharaj/retail-data-engineering-platform/venv/lib/python3.9/site-packages/airflow/models/taskinstance.py", line 767, in _execute_task
    result = _execute_callable(context=context, **execute_callable_kwargs)
  File "/Users/anitharaj/retail-data-engineering-platform/venv/lib/python3.9/site-packages/airflow/models/taskinstance.py", line 733, in _execute_callable
    return ExecutionCallableRunner(
  File "/Users/anitharaj/retail-data-engineering-platform/venv/lib/python3.9/site-packages/airflow/utils/operator_helpers.py", line 252, in run
    return self.func(*args, **kwargs)
  File "/Users/anitharaj/retail-data-engineering-platform/venv/lib/python3.9/site-packages/airflow/models/baseoperator.py", line 417, in wrapper
    return func(self, *args, **kwargs)
  File "/Users/anitharaj/retail-data-engineering-platform/venv/lib/python3.9/site-packages/airflow/operators/bash.py", line 276, in execute
    raise AirflowException(
airflow.exceptions.AirflowException: Bash command failed. The command returned a non-zero exit code 1.
[2026-07-13T17:02:58.517-0400] {taskinstance.py:1225} INFO - Marking task as FAILED. dag_id=retail_data_pipeline, task_id=spark_transformation, run_id=manual__2026-07-13T21:02:47.374188+00:00, execution_date=20260713T210247, start_date=20260713T210251, end_date=20260713T210258
[2026-07-13T17:02:58.523-0400] {taskinstance.py:340} INFO - ::group::Post task execution logs
[2026-07-13T17:02:58.523-0400] {standard_task_runner.py:124} ERROR - Failed to execute job 7 for task spark_transformation (Bash command failed. The command returned a non-zero exit code 1.; 83518)
Traceback (most recent call last):
  File "/Users/anitharaj/retail-data-engineering-platform/venv/lib/python3.9/site-packages/airflow/task/task_runner/standard_task_runner.py", line 117, in _start_by_fork
    ret = args.func(args, dag=self.dag)
  File "/Users/anitharaj/retail-data-engineering-platform/venv/lib/python3.9/site-packages/airflow/cli/cli_config.py", line 49, in command
    return func(*args, **kwargs)
  File "/Users/anitharaj/retail-data-engineering-platform/venv/lib/python3.9/site-packages/airflow/utils/cli.py", line 116, in wrapper
    return f(*args, **kwargs)
  File "/Users/anitharaj/retail-data-engineering-platform/venv/lib/python3.9/site-packages/airflow/cli/commands/task_command.py", line 483, in task_run
    task_return_code = _run_task_by_selected_method(args, _dag, ti)
  File "/Users/anitharaj/retail-data-engineering-platform/venv/lib/python3.9/site-packages/airflow/cli/commands/task_command.py", line 256, in _run_task_by_selected_method
    return _run_raw_task(args, ti)
  File "/Users/anitharaj/retail-data-engineering-platform/venv/lib/python3.9/site-packages/airflow/cli/commands/task_command.py", line 341, in _run_raw_task
    return ti._run_raw_task(
  File "/Users/anitharaj/retail-data-engineering-platform/venv/lib/python3.9/site-packages/airflow/utils/session.py", line 97, in wrapper
    return func(*args, session=session, **kwargs)
  File "/Users/anitharaj/retail-data-engineering-platform/venv/lib/python3.9/site-packages/airflow/models/taskinstance.py", line 3005, in _run_raw_task
    return _run_raw_task(
  File "/Users/anitharaj/retail-data-engineering-platform/venv/lib/python3.9/site-packages/airflow/models/taskinstance.py", line 273, in _run_raw_task
    TaskInstance._execute_task_with_callbacks(
  File "/Users/anitharaj/retail-data-engineering-platform/venv/lib/python3.9/site-packages/airflow/models/taskinstance.py", line 3159, in _execute_task_with_callbacks
    result = self._execute_task(context, task_orig)
  File "/Users/anitharaj/retail-data-engineering-platform/venv/lib/python3.9/site-packages/airflow/models/taskinstance.py", line 3183, in _execute_task
    return _execute_task(self, context, task_orig)
  File "/Users/anitharaj/retail-data-engineering-platform/venv/lib/python3.9/site-packages/airflow/models/taskinstance.py", line 767, in _execute_task
    result = _execute_callable(context=context, **execute_callable_kwargs)
  File "/Users/anitharaj/retail-data-engineering-platform/venv/lib/python3.9/site-packages/airflow/models/taskinstance.py", line 733, in _execute_callable
    return ExecutionCallableRunner(
  File "/Users/anitharaj/retail-data-engineering-platform/venv/lib/python3.9/site-packages/airflow/utils/operator_helpers.py", line 252, in run
    return self.func(*args, **kwargs)
  File "/Users/anitharaj/retail-data-engineering-platform/venv/lib/python3.9/site-packages/airflow/models/baseoperator.py", line 417, in wrapper
    return func(self, *args, **kwargs)
  File "/Users/anitharaj/retail-data-engineering-platform/venv/lib/python3.9/site-packages/airflow/operators/bash.py", line 276, in execute
    raise AirflowException(
airflow.exceptions.AirflowException: Bash command failed. The command returned a non-zero exit code 1.
[2026-07-13T17:02:58.557-0400] {local_task_job_runner.py:266} INFO - Task exited with return code 1
[2026-07-13T17:02:58.563-0400] {taskinstance.py:3895} INFO - 0 downstream tasks scheduled from follow-on schedule check
[2026-07-13T17:02:58.563-0400] {local_task_job_runner.py:245} INFO - ::endgroup::
